Component: Arm Compiler for Embedded 6.19 Tool: armlink [5e73cb00]

==============================================================================

Section Cross References

    main.o(.text.main) refers to queue.o(.text.xQueueCreateMutex) for xQueueCreateMutex
    main.o(.text.main) refers to main.o(.bss.xDriverUpButtonMutex) for xDriverUpButtonMutex
    main.o(.text.main) refers to main.o(.bss.xDriverDownButtonMutex) for xDriverDownButtonMutex
    main.o(.text.main) refers to queue.o(.text.xQueueGenericCreate) for xQueueGenericCreate
    main.o(.text.main) refers to main.o(.bss.xQueue) for xQueue
    main.o(.text.main) refers to main.o(.bss.xupperLimitReachedSemaphore) for xupperLimitReachedSemaphore
    main.o(.text.main) refers to main.o(.bss.xlowerLimitReachedSemaphore) for xlowerLimitReachedSemaphore
    main.o(.text.main) refers to main.o(.bss.xwindowLockSemaphore) for xwindowLockSemaphore
    main.o(.text.main) refers to main.o(.bss.xjamDetectedSemaphore) for xjamDetectedSemaphore
    main.o(.text.main) refers to main.o(.text.portCinit) for portCinit
    main.o(.text.main) refers to main.o(.text.portEinit) for portEinit
    main.o(.text.main) refers to lcd.o(.text.LCD_init) for LCD_init
    main.o(.text.main) refers to lcd.o(.text.LCD_Clear) for LCD_Clear
    main.o(.text.main) refers to motor.o(.text.motorinit) for motorinit
    main.o(.text.main) refers to main.o(.text.setUpperLimit) for setUpperLimit
    main.o(.text.main) refers to main.o(.rodata.str1.1) for .L.str
    main.o(.text.main) refers to tasks.o(.text.xTaskCreate) for xTaskCreate
    main.o(.text.main) refers to main.o(.text.setLowerLimit) for setLowerLimit
    main.o(.text.main) refers to main.o(.text.setWindowLock) for setWindowLock
    main.o(.text.main) refers to main.o(.text.setJamDetected) for setJamDetected
    main.o(.text.main) refers to main.o(.text.buttonTask) for buttonTask
    main.o(.text.main) refers to tasks.o(.text.vTaskStartScheduler) for vTaskStartScheduler
    main.o(.ARM.exidx.text.main) refers to main.o(.text.main) for [Anonymous Symbol]
    main.o(.text.setUpperLimit) refers to main.o(.bss.xupperLimitReachedSemaphore) for xupperLimitReachedSemaphore
    main.o(.text.setUpperLimit) refers to queue.o(.text.xQueueSemaphoreTake) for xQueueSemaphoreTake
    main.o(.text.setUpperLimit) refers to main.o(.bss.upperLimitReached) for upperLimitReached
    main.o(.ARM.exidx.text.setUpperLimit) refers to main.o(.text.setUpperLimit) for [Anonymous Symbol]
    main.o(.text.setLowerLimit) refers to main.o(.bss.xlowerLimitReachedSemaphore) for xlowerLimitReachedSemaphore
    main.o(.text.setLowerLimit) refers to queue.o(.text.xQueueSemaphoreTake) for xQueueSemaphoreTake
    main.o(.text.setLowerLimit) refers to main.o(.bss.lowerLimitReached) for lowerLimitReached
    main.o(.ARM.exidx.text.setLowerLimit) refers to main.o(.text.setLowerLimit) for [Anonymous Symbol]
    main.o(.text.setWindowLock) refers to main.o(.bss.xwindowLockSemaphore) for xwindowLockSemaphore
    main.o(.text.setWindowLock) refers to queue.o(.text.xQueueSemaphoreTake) for xQueueSemaphoreTake
    main.o(.text.setWindowLock) refers to main.o(.bss.windowLock) for windowLock
    main.o(.ARM.exidx.text.setWindowLock) refers to main.o(.text.setWindowLock) for [Anonymous Symbol]
    main.o(.text.setJamDetected) refers to main.o(.bss.xjamDetectedSemaphore) for xjamDetectedSemaphore
    main.o(.text.setJamDetected) refers to queue.o(.text.xQueueSemaphoreTake) for xQueueSemaphoreTake
    main.o(.text.setJamDetected) refers to main.o(.bss.jamDetected) for jamDetected
    main.o(.ARM.exidx.text.setJamDetected) refers to main.o(.text.setJamDetected) for [Anonymous Symbol]
    main.o(.text.buttonTask) refers to tasks.o(.text.xTaskGetTickCount) for xTaskGetTickCount
    main.o(.text.buttonTask) refers to main.o(.bss.xDriverUpButtonMutex) for xDriverUpButtonMutex
    main.o(.text.buttonTask) refers to queue.o(.text.xQueueSemaphoreTake) for xQueueSemaphoreTake
    main.o(.text.buttonTask) refers to gpio.o(i.GPIOPinRead) for GPIOPinRead
    main.o(.text.buttonTask) refers to tasks.o(.text.vTaskDelay) for vTaskDelay
    main.o(.text.buttonTask) refers to main.o(.bss.xdrivUpManuHandle) for xdrivUpManuHandle
    main.o(.text.buttonTask) refers to main.o(.text.drivUpManu) for drivUpManu
    main.o(.text.buttonTask) refers to main.o(.rodata.str1.1) for .L.str.5
    main.o(.text.buttonTask) refers to tasks.o(.text.xTaskCreate) for xTaskCreate
    main.o(.text.buttonTask) refers to lcd.o(.text.LCD_Clear) for LCD_Clear
    main.o(.text.buttonTask) refers to main.o(.bss.xdrivUpAutoHandle) for xdrivUpAutoHandle
    main.o(.text.buttonTask) refers to main.o(.text.drivUpAuto) for drivUpAuto
    main.o(.text.buttonTask) refers to queue.o(.text.xQueueGenericSend) for xQueueGenericSend
    main.o(.text.buttonTask) refers to main.o(.bss.xDriverDownButtonMutex) for xDriverDownButtonMutex
[...]
    [Anonymous Symbol]                       0x00003c94   Section        0  tasks.o(.text.pvTaskIncrementMutexHeldCount)
    [Anonymous Symbol]                       0x00003cc0   Section        0  port.o(.text.pxPortInitialiseStack)
    [Anonymous Symbol]                       0x00003d20   Section        0  main.o(.text.setJamDetected)
    [Anonymous Symbol]                       0x00003d58   Section        0  main.o(.text.setLowerLimit)
    [Anonymous Symbol]                       0x00003d90   Section        0  main.o(.text.setUpperLimit)
    [Anonymous Symbol]                       0x00003dc8   Section        0  main.o(.text.setWindowLock)
    [Anonymous Symbol]                       0x00003e20   Section        0  list.o(.text.uxListRemove)
    [Anonymous Symbol]                       0x00003e68   Section        0  tasks.o(.text.uxTaskGetNumberOfTasks)
    [Anonymous Symbol]                       0x00003e74   Section        0  list.o(.text.vListInitialise)
    [Anonymous Symbol]                       0x00003ea4   Section        0  list.o(.text.vListInitialiseItem)
    [Anonymous Symbol]                       0x00003eb4   Section        0  list.o(.text.vListInsert)
    [Anonymous Symbol]                       0x00003f20   Section        0  list.o(.text.vListInsertEnd)
    vPortEnableVFP                           0x00003f5d   Thumb Code    20  port.o(.text.vPortEnableVFP)
    [Anonymous Symbol]                       0x00003f5c   Section        0  port.o(.text.vPortEnableVFP)
    [Anonymous Symbol]                       0x00003f70   Section        0  port.o(.text.vPortEnterCritical)
    [Anonymous Symbol]                       0x00003fc8   Section        0  port.o(.text.vPortExitCritical)
    [Anonymous Symbol]                       0x00004014   Section        0  heap_2.o(.text.vPortFree)
    [Anonymous Symbol]                       0x000040f0   Section        0  port.o(.text.vPortSetupTimerInterrupt)
    [Anonymous Symbol]                       0x00004134   Section        0  port.o(.text.vPortValidateInterruptPriority)
    [Anonymous Symbol]                       0x000041b8   Section        0  queue.o(.text.vQueueWaitForMessageRestricted)
    [Anonymous Symbol]                       0x0000421c   Section        0  tasks.o(.text.vTaskDelay)
    [Anonymous Symbol]                       0x0000428c   Section        0  tasks.o(.text.vTaskDelete)
    [Anonymous Symbol]                       0x000043e0   Section        0  tasks.o(.text.vTaskInternalSetTimeOutState)
    [Anonymous Symbol]                       0x00004404   Section        0  tasks.o(.text.vTaskMissedYield)
    [Anonymous Symbol]                       0x00004414   Section        0  tasks.o(.text.vTaskPlaceOnEventList)
    [Anonymous Symbol]                       0x00004458   Section        0  tasks.o(.text.vTaskPlaceOnEventListRestricted)
    [Anonymous Symbol]                       0x000044d4   Section        0  tasks.o(.text.vTaskPriorityDisinheritAfterTimeout)
    [Anonymous Symbol]                       0x00004658   Section        0  tasks.o(.text.vTaskStartScheduler)
    [Anonymous Symbol]                       0x0000470c   Section        0  tasks.o(.text.vTaskSuspendAll)
    __tagsym$$used.0                         0x0000471c   Number         0  tasks.o(.text.vTaskSwitchContext)
    [Anonymous Symbol]                       0x0000471c   Section        0  tasks.o(.text.vTaskSwitchContext)
    vlcdWrite                                0x000047dd   Thumb Code    22  main.o(.text.vlcdWrite)
    [Anonymous Symbol]                       0x000047dc   Section        0  main.o(.text.vlcdWrite)
    [Anonymous Symbol]                       0x000047f4   Section        0  port.o(.text.xPortStartScheduler)
    [Anonymous Symbol]                       0x00004970   Section        0  queue.o(.text.xQueueCreateMutex)
    [Anonymous Symbol]                       0x00004998   Section        0  queue.o(.text.xQueueGenericCreate)
    [Anonymous Symbol]                       0x00004a34   Section        0  queue.o(.text.xQueueGenericReset)
    [Anonymous Symbol]                       0x00004b3c   Section        0  queue.o(.text.xQueueGenericSend)
    [Anonymous Symbol]                       0x00004db0   Section        0  queue.o(.text.xQueueGiveFromISR)
    [Anonymous Symbol]                       0x00004f34   Section        0  queue.o(.text.xQueueReceive)
    [Anonymous Symbol]                       0x00005110   Section        0  queue.o(.text.xQueueSemaphoreTake)
    [Anonymous Symbol]                       0x00005320   Section        0  tasks.o(.text.xTaskCheckForTimeOut)
    [Anonymous Symbol]                       0x000053f4   Section        0  tasks.o(.text.xTaskCreate)
    [Anonymous Symbol]                       0x00005494   Section        0  tasks.o(.text.xTaskGetCurrentTaskHandle)
    [Anonymous Symbol]                       0x000054a8   Section        0  tasks.o(.text.xTaskGetSchedulerState)
    [Anonymous Symbol]                       0x000054e0   Section        0  tasks.o(.text.xTaskGetTickCount)
    [Anonymous Symbol]                       0x000054f4   Section        0  tasks.o(.text.xTaskIncrementTick)
    [Anonymous Symbol]                       0x00005754   Section        0  tasks.o(.text.xTaskPriorityDisinherit)
    [Anonymous Symbol]                       0x0000588c   Section        0  tasks.o(.text.xTaskPriorityInherit)
    [Anonymous Symbol]                       0x000059e8   Section        0  tasks.o(.text.xTaskRemoveFromEventList)
    [Anonymous Symbol]                       0x00005b74   Section        0  tasks.o(.text.xTaskResumeAll)
    [Anonymous Symbol]                       0x00005d98   Section        0  timers.o(.text.xTimerCreateTimerTask)
    i.GPIODirModeSet                         0x00005e04   Section        0  gpio.o(i.GPIODirModeSet)
    i.GPIOIntClear                           0x00005e2c   Section        0  gpio.o(i.GPIOIntClear)
    i.GPIOIntEnable                          0x00005e32   Section        0  gpio.o(i.GPIOIntEnable)
    i.GPIOIntStatus                          0x00005e3e   Section        0  gpio.o(i.GPIOIntStatus)
    i.GPIOIntTypeSet                         0x00005e4c   Section        0  gpio.o(i.GPIOIntTypeSet)
    i.GPIOPadConfigSet                       0x00005e9c   Section        0  gpio.o(i.GPIOPadConfigSet)
    i.GPIOPinRead                            0x0000600c   Section        0  gpio.o(i.GPIOPinRead)
    i.GPIOPinTypeGPIOInput                   0x00006012   Section        0  gpio.o(i.GPIOPinTypeGPIOInput)
    i.GPIOPinTypeGPIOOutput                  0x0000602e   Section        0  gpio.o(i.GPIOPinTypeGPIOOutput)
    i.GPIOPinWrite                           0x0000604a   Section        0  gpio.o(i.GPIOPinWrite)
    i.IntEnable                              0x00006050   Section        0  interrupt.o(i.IntEnable)
    i.IntMasterEnable                        0x000060b4   Section        0  interrupt.o(i.IntMasterEnable)
    i.IntPrioritySet                         0x000060c4   Section        0  interrupt.o(i.IntPrioritySet)
    i.IntRegister                            0x000060ec   Section        0  interrupt.o(i.IntRegister)
    i.SysCtlPeripheralEnable                 0x00006120   Section        0  sysctl.o(i.SysCtlPeripheralEnable)
    $v0                                      0x00006148   Number         0  fpinit.o(x$fpl$fpinit)
    x$fpl$fpinit                             0x00006148   Section       26  fpinit.o(x$fpl$fpinit)
    g_pui32Priority                          0x00006164   Data          32  interrupt.o(.constdata)
    .constdata                               0x00006164   Section      268  interrupt.o(.constdata)
    g_pui32Regs                              0x00006184   Data         156  interrupt.o(.constdata)
    g_pui32EnRegs                            0x00006220   Data          20  interrupt.o(.constdata)
    g_pui32Dii16Regs                         0x00006234   Data          20  interrupt.o(.constdata)
    g_pui32PendRegs                          0x00006248   Data          20  interrupt.o(.constdata)
    g_pui32UnpendRegs                        0x0000625c   Data          20  interrupt.o(.constdata)
    .L.str.14                                0x00006270   Data          13  main.o(.rodata.str1.1)
    [Anonymous Symbol]                       0x00006270   Section        0  main.o(.rodata.str1.1)
    .L.str.3                                 0x0000627d   Data          15  main.o(.rodata.str1.1)
    .L.str.16                                0x0000628c   Data          15  main.o(.rodata.str1.1)
    .L.str.13                                0x0000629b   Data          12  main.o(.rodata.str1.1)
    .L.str.2                                 0x000062a7   Data          14  main.o(.rodata.str1.1)
    .L.str.4                                 0x000062b5   Data          12  main.o(.rodata.str1.1)
    .L.str.8                                 0x000062c1   Data          15  main.o(.rodata.str1.1)
    .L.str.11                                0x000062d0   Data          13  main.o(.rodata.str1.1)
    .L.str.6                                 0x000062dd   Data          13  main.o(.rodata.str1.1)
    .L.str.10                                0x000062ea   Data          11  main.o(.rodata.str1.1)
    .L.str                                   0x00006331   Data           9  main.o(.rodata.str1.1)
    .L.str.1                                 0x0000633a   Data           9  main.o(.rodata.str1.1)
    .L.str.15                                0x00006343   Data          12  main.o(.rodata.str1.1)
    .L.str.17                                0x0000634f   Data          12  main.o(.rodata.str1.1)
    .L.str.7                                 0x0000635b   Data          15  main.o(.rodata.str1.1)
    .L.str.12                                0x0000636a   Data          13  main.o(.rodata.str1.1)
    .L.str.5                                 0x00006377   Data          13  main.o(.rodata.str1.1)
    .L.str.9                                 0x00006384   Data          11  main.o(.rodata.str1.1)
    .L.str                                   0x000063cb   Data           5  tasks.o(.rodata.str1.1)
    [Anonymous Symbol]                       0x000063cb   Section        0  tasks.o(.rodata.str1.1)
    .L.str                                   0x000063d0   Data           8  timers.o(.rodata.str1.1)
    [Anonymous Symbol]                       0x000063d0   Section        0  timers.o(.rodata.str1.1)
    pctextforlcd1                            0x20000004   Data           4  main.o(.data.pctextforlcd1)
    [Anonymous Symbol]                       0x20000004   Section        0  main.o(.data.pctextforlcd1)
    pctextforlcd2                            0x20000008   Data           4  main.o(.data.pctextforlcd2)
    [Anonymous Symbol]                       0x20000008   Section        0  main.o(.data.pctextforlcd2)
    pctextforlcd3                            0x2000000c   Data           4  main.o(.data.pctextforlcd3)
    [Anonymous Symbol]                       0x2000000c   Section        0  main.o(.data.pctextforlcd3)
    pctextforlcd4                            0x20000010   Data           4  main.o(.data.pctextforlcd4)
    [Anonymous Symbol]                       0x20000010   Section        0  main.o(.data.pctextforlcd4)
    pctextforlcd5                            0x20000014   Data           4  main.o(.data.pctextforlcd5)
    [Anonymous Symbol]                       0x20000014   Section        0  main.o(.data.pctextforlcd5)
    pctextforlcd6                            0x20000018   Data           4  main.o(.data.pctextforlcd6)
    [Anonymous Symbol]                       0x20000018   Section        0  main.o(.data.pctextforlcd6)
    pctextforlcd7                            0x2000001c   Data           4  main.o(.data.pctextforlcd7)
    [Anonymous Symbol]                       0x2000001c   Section        0  main.o(.data.pctextforlcd7)
    pctextforlcd8                            0x20000020   Data           4  main.o(.data.pctextforlcd8)
    [Anonymous Symbol]                       0x20000020   Section        0  main.o(.data.pctextforlcd8)
    uxCriticalNesting                        0x20000024   Data           4  port.o(.data.uxCriticalNesting)
    [Anonymous Symbol]                       0x20000024   Section        0  port.o(.data.uxCriticalNesting)
    xFreeBytesRemaining                      0x20000028   Data           4  heap_2.o(.data.xFreeBytesRemaining)
    [Anonymous Symbol]                       0x20000028   Section        0  heap_2.o(.data.xFreeBytesRemaining)
    g_pfnRAMVectors                          0x20000400   Data         620  interrupt.o(vtable)
    vtable                                   0x20000400   Section      620  interrupt.o(vtable)
    .bss                                     0x20000670   Section       96  libspace.o(.bss)
    jamDetected                              0x200006d0   Data           4  main.o(.bss.jamDetected)
    [Anonymous Symbol]                       0x200006d0   Section        0  main.o(.bss.jamDetected)
    lowerLimitReached                        0x200006d4   Data           1  main.o(.bss.lowerLimitReached)
    [Anonymous Symbol]                       0x200006d4   Section        0  main.o(.bss.lowerLimitReached)
    prvSampleTimeNow.xLastTime               0x200006d8   Data           4  timers.o(.bss.prvSampleTimeNow.xLastTime)
    [Anonymous Symbol]                       0x200006d8   Section        0  timers.o(.bss.prvSampleTimeNow.xLastTime)
    pvPortMalloc.xHeapHasBeenInitialised     0x200006dc   Data           4  heap_2.o(.bss.pvPortMalloc.xHeapHasBeenInitialised)
    [Anonymous Symbol]                       0x200006dc   Section        0  heap_2.o(.bss.pvPortMalloc.xHeapHasBeenInitialised)
    __tagsym$$used.1                         0x200006e0   Number         0  tasks.o(.bss.pxCurrentTCB)
    pxCurrentTimerList                       0x200006e4   Data           4  timers.o(.bss.pxCurrentTimerList)
    [Anonymous Symbol]                       0x200006e4   Section        0  timers.o(.bss.pxCurrentTimerList)
    pxDelayedTaskList                        0x200006e8   Data           4  tasks.o(.bss.pxDelayedTaskList)
    [Anonymous Symbol]                       0x200006e8   Section        0  tasks.o(.bss.pxDelayedTaskList)
    pxOverflowDelayedTaskList                0x200006ec   Data           4  tasks.o(.bss.pxOverflowDelayedTaskList)
    [Anonymous Symbol]                       0x200006ec   Section        0  tasks.o(.bss.pxOverflowDelayedTaskList)
    pxOverflowTimerList                      0x200006f0   Data           4  timers.o(.bss.pxOverflowTimerList)
    [Anonymous Symbol]                       0x200006f0   Section        0  timers.o(.bss.pxOverflowTimerList)
    pxReadyTasksLists                        0x200006f4   Data         100  tasks.o(.bss.pxReadyTasksLists)
    [Anonymous Symbol]                       0x200006f4   Section        0  tasks.o(.bss.pxReadyTasksLists)
    ucHeap                                   0x20000758   Data        8192  heap_2.o(.bss.ucHeap)
    [Anonymous Symbol]                       0x20000758   Section        0  heap_2.o(.bss.ucHeap)
    ucMaxSysCallPriority                     0x20002758   Data           1  port.o(.bss.ucMaxSysCallPriority)
    [Anonymous Symbol]                       0x20002758   Section        0  port.o(.bss.ucMaxSysCallPriority)
    ulMaxPRIGROUPValue                       0x2000275c   Data           4  port.o(.bss.ulMaxPRIGROUPValue)
    [Anonymous Symbol]                       0x2000275c   Section        0  port.o(.bss.ulMaxPRIGROUPValue)
    upperLimitReached                        0x20002760   Data           1  main.o(.bss.upperLimitReached)
    [Anonymous Symbol]                       0x20002760   Section        0  main.o(.bss.upperLimitReached)
    uxCurrentNumberOfTasks                   0x20002764   Data           4  tasks.o(.bss.uxCurrentNumberOfTasks)
    [Anonymous Symbol]                       0x20002764   Section        0  tasks.o(.bss.uxCurrentNumberOfTasks)
    uxDeletedTasksWaitingCleanUp             0x20002768   Data           4  tasks.o(.bss.uxDeletedTasksWaitingCleanUp)
    [Anonymous Symbol]                       0x20002768   Section        0  tasks.o(.bss.uxDeletedTasksWaitingCleanUp)
    uxSchedulerSuspended                     0x2000276c   Data           4  tasks.o(.bss.uxSchedulerSuspended)
    [Anonymous Symbol]                       0x2000276c   Section        0  tasks.o(.bss.uxSchedulerSuspended)
    uxTaskNumber                             0x20002770   Data           4  tasks.o(.bss.uxTaskNumber)
    [Anonymous Symbol]                       0x20002770   Section        0  tasks.o(.bss.uxTaskNumber)
    uxTopReadyPriority                       0x20002774   Data           4  tasks.o(.bss.uxTopReadyPriority)
    [Anonymous Symbol]                       0x20002774   Section        0  tasks.o(.bss.uxTopReadyPriority)
    windowLock                               0x20002778   Data           4  main.o(.bss.windowLock)
    [Anonymous Symbol]                       0x20002778   Section        0  main.o(.bss.windowLock)
    xActiveTimerList1                        0x2000277c   Data          20  timers.o(.bss.xActiveTimerList1)
    [Anonymous Symbol]                       0x2000277c   Section        0  timers.o(.bss.xActiveTimerList1)
    xActiveTimerList2                        0x20002790   Data          20  timers.o(.bss.xActiveTimerList2)
    [Anonymous Symbol]                       0x20002790   Section        0  timers.o(.bss.xActiveTimerList2)
    xDelayedTaskList1                        0x200027a4   Data          20  tasks.o(.bss.xDelayedTaskList1)
    [Anonymous Symbol]                       0x200027a4   Section        0  tasks.o(.bss.xDelayedTaskList1)
    xDelayedTaskList2                        0x200027b8   Data          20  tasks.o(.bss.xDelayedTaskList2)
    [Anonymous Symbol]                       0x200027b8   Section        0  tasks.o(.bss.xDelayedTaskList2)
    xEnd                                     0x200027d4   Data           8  heap_2.o(.bss.xEnd)
    [Anonymous Symbol]                       0x200027d4   Section        0  heap_2.o(.bss.xEnd)
    xIdleTaskHandle                          0x200027dc   Data           4  tasks.o(.bss.xIdleTaskHandle)
    [Anonymous Symbol]                       0x200027dc   Section        0  tasks.o(.bss.xIdleTaskHandle)
    xNextTaskUnblockTime                     0x200027e0   Data           4  tasks.o(.bss.xNextTaskUnblockTime)
    [Anonymous Symbol]                       0x200027e0   Section        0  tasks.o(.bss.xNextTaskUnblockTime)
    xNumOfOverflows                          0x200027e4   Data           4  tasks.o(.bss.xNumOfOverflows)
    [Anonymous Symbol]                       0x200027e4   Section        0  tasks.o(.bss.xNumOfOverflows)
    xPendedTicks                             0x200027e8   Data           4  tasks.o(.bss.xPendedTicks)
    [Anonymous Symbol]                       0x200027e8   Section        0  tasks.o(.bss.xPendedTicks)
    xPendingReadyList                        0x200027ec   Data          20  tasks.o(.bss.xPendingReadyList)
    [Anonymous Symbol]                       0x200027ec   Section        0  tasks.o(.bss.xPendingReadyList)
    xSchedulerRunning                        0x20002804   Data           4  tasks.o(.bss.xSchedulerRunning)
    [Anonymous Symbol]                       0x20002804   Section        0  tasks.o(.bss.xSchedulerRunning)
    xStart                                   0x20002808   Data           8  heap_2.o(.bss.xStart)
    [Anonymous Symbol]                       0x20002808   Section        0  heap_2.o(.bss.xStart)
    xSuspendedTaskList                       0x20002810   Data          20  tasks.o(.bss.xSuspendedTaskList)
    [Anonymous Symbol]                       0x20002810   Section        0  tasks.o(.bss.xSuspendedTaskList)
    xTasksWaitingTermination                 0x20002828   Data          20  tasks.o(.bss.xTasksWaitingTermination)
    [Anonymous Symbol]                       0x20002828   Section        0  tasks.o(.bss.xTasksWaitingTermination)
    xTickCount                               0x2000283c   Data           4  tasks.o(.bss.xTickCount)
    [Anonymous Symbol]                       0x2000283c   Section        0  tasks.o(.bss.xTickCount)
    xTimerQueue                              0x20002840   Data           4  timers.o(.bss.xTimerQueue)
    [Anonymous Symbol]                       0x20002840   Section        0  timers.o(.bss.xTimerQueue)
    xTimerTaskHandle                         0x20002844   Data           4  timers.o(.bss.xTimerTaskHandle)
    [Anonymous Symbol]                       0x20002844   Section        0  timers.o(.bss.xTimerTaskHandle)
    xYieldPending                            0x20002848   Data           4  tasks.o(.bss.xYieldPending)
    [Anonymous Symbol]                       0x20002848   Section        0  tasks.o(.bss.xYieldPending)
    Heap_Mem                                 0x20002880   Data           0  startup_tm4c123.o(HEAP)
    Stack_Mem                                0x20002880   Data         512  startup_tm4c123.o(STACK)
    HEAP                                     0x20002880   Section        0  startup_tm4c123.o(HEAP)
    STACK                                    0x20002880   Section      512  startup_tm4c123.o(STACK)
    __initial_sp                             0x20002a80   Data           0  startup_tm4c123.o(STACK)

    Global Symbols

    Symbol Name                              Value     Ov Type        Size  Object(Section)

    BuildAttributes$$THM_ISAv4$E$P$D$K$B$S$7EM$VFPi3$EXTD16$VFPS$VFMA$PE$A:L22UL41UL21$X:L11$S22US41US21$IEEE1$IW$~IW$USESV6$~STKCKD$USESV7$~SHL$OTIME$ROPI$EBA8$UX$STANDARDLIB$REQ8$PRES8$EABIv2 0x00000000   Number         0  anon$$obj.o ABSOLUTE
    __Vectors                                0x00000000   Data           4  startup_tm4c123.o(RESET)
    __ARM_exceptions_init                     - Undefined Weak Reference
    __alloca_initialize                       - Undefined Weak Reference
    __arm_preinit_                            - Undefined Weak Reference
    __arm_relocate_pie_                       - Undefined Weak Reference
    __cpp_initialize__aeabi_                  - Undefined Weak Reference
    __cxa_finalize                            - Undefined Weak Reference
    __rt_locale                               - Undefined Weak Reference
    __sigvec_lookup                           - Undefined Weak Reference
    _atexit_init                              - Undefined Weak Reference
    _call_atexit_fns                          - Undefined Weak Reference
    _clock_init                               - Undefined Weak Reference
    _fp_trap_init                             - Undefined Weak Reference
    _fp_trap_shutdown                         - Undefined Weak Reference
    _get_lc_collate                           - Undefined Weak Reference
    _get_lc_ctype                             - Undefined Weak Reference
    _get_lc_monetary                          - Undefined Weak Reference
    _get_lc_numeric                           - Undefined Weak Reference
    _get_lc_time                              - Undefined Weak Reference
    _getenv_init                              - Undefined Weak Reference
    _handle_redirection                       - Undefined Weak Reference
    _init_alloc                               - Undefined Weak Reference
    _init_user_alloc                          - Undefined Weak Reference
    _initio                                   - Undefined Weak Reference
    _rand_init                                - Undefined Weak Reference
    _signal_finish                            - Undefined Weak Reference
    _signal_init                              - Undefined Weak Reference
    _terminate_alloc                          - Undefined Weak Reference
    _terminate_user_alloc                     - Undefined Weak Reference
    _terminateio                              - Undefined Weak Reference
    __Vectors_End                            0x0000026c   Data           0  startup_tm4c123.o(RESET)
    __Vectors_Size                           0x0000026c   Number         0  startup_tm4c123.o ABSOLUTE
    __main                                   0x0000026d   Thumb Code     8  __main.o(!!!main)
    __scatterload                            0x00000275   Thumb Code     0  __scatter.o(!!!scatter)
    __scatterload_rt2                        0x00000275   Thumb Code    44  __scatter.o(!!!scatter)
    __scatterload_rt2_thumb_only             0x00000275   Thumb Code     0  __scatter.o(!!!scatter)
    __scatterload_null                       0x00000283   Thumb Code     0  __scatter.o(!!!scatter)
    __decompress                             0x000002a9   Thumb Code    58  __dczerorl.o(!!dczerorl)
    __decompress0                            0x000002a9   Thumb Code     0  __dczerorl.o(!!dczerorl)
    __scatterload_zeroinit                   0x000002e5   Thumb Code    28  __scatter_zi.o(!!handler_zi)
    __rt_lib_init                            0x00000301   Thumb Code     0  libinit.o(.ARM.Collect$$libinit$$00000000)
    __rt_lib_init_fp_1                       0x00000303   Thumb Code     0  libinit2.o(.ARM.Collect$$libinit$$00000001)
    __rt_lib_init_alloca_1                   0x00000307   Thumb Code     0  libinit2.o(.ARM.Collect$$libinit$$00000030)
    __rt_lib_init_argv_1                     0x00000307   Thumb Code     0  libinit2.o(.ARM.Collect$$libinit$$0000002E)
    __rt_lib_init_atexit_1                   0x00000307   Thumb Code     0  libinit2.o(.ARM.Collect$$libinit$$0000001D)
    __rt_lib_init_clock_1                    0x00000307   Thumb Code     0  libinit2.o(.ARM.Collect$$libinit$$00000023)
    __rt_lib_init_cpp_1                      0x00000307   Thumb Code     0  libinit2.o(.ARM.Collect$$libinit$$00000034)
    __rt_lib_init_exceptions_1               0x00000307   Thumb Code     0  libinit2.o(.ARM.Collect$$libinit$$00000032)
    __rt_lib_init_fp_trap_1                  0x00000307   Thumb Code     0  libinit2.o(.ARM.Collect$$libinit$$00000021)
    __rt_lib_init_getenv_1                   0x00000307   Thumb Code     0  libinit2.o(.ARM.Collect$$libinit$$00000025)
    __rt_lib_init_heap_1                     0x00000307   Thumb Code     0  libinit2.o(.ARM.Collect$$libinit$$0000000C)
    __rt_lib_init_lc_collate_1               0x00000307   Thumb Code     0  libinit2.o(.ARM.Collect$$libinit$$00000013)
    __rt_lib_init_lc_ctype_1                 0x00000307   Thumb Code     0  libinit2.o(.ARM.Collect$$libinit$$00000015)
    __rt_lib_init_lc_monetary_1              0x00000307   Thumb Code     0  libinit2.o(.ARM.Collect$$libinit$$00000017)
    __rt_lib_init_lc_numeric_1               0x00000307   Thumb Code     0  libinit2.o(.ARM.Collect$$libinit$$00000019)
    __rt_lib_init_lc_time_1                  0x00000307   Thumb Code     0  libinit2.o(.ARM.Collect$$libinit$$0000001B)
    __rt_lib_init_preinit_1                  0x00000307   Thumb Code     0  libinit2.o(.ARM.Collect$$libinit$$00000006)
    __rt_lib_init_rand_1                     0x00000307   Thumb Code     0  libinit2.o(.ARM.Collect$$libinit$$00000010)
    __rt_lib_init_relocate_pie_1             0x00000307   Thumb Code     0  libinit2.o(.ARM.Collect$$libinit$$00000004)
    __rt_lib_init_return                     0x00000307   Thumb Code     0  libinit2.o(.ARM.Collect$$libinit$$00000035)
    __rt_lib_init_signal_1                   0x00000307   Thumb Code     0  libinit2.o(.ARM.Collect$$libinit$$0000001F)
    __rt_lib_init_stdio_1                    0x00000307   Thumb Code     0  libinit2.o(.ARM.Collect$$libinit$$00000027)
    __rt_lib_init_user_alloc_1               0x00000307   Thumb Code     0  libinit2.o(.ARM.Collect$$libinit$$0000000E)
    __rt_lib_shutdown                        0x00000309   Thumb Code     0  libshutdown.o(.ARM.Collect$$libshutdown$$00000000)
    __rt_lib_shutdown_cpp_1                  0x0000030b   Thumb Code     0  libshutdown2.o(.ARM.Collect$$libshutdown$$00000002)
    __rt_lib_shutdown_fp_trap_1              0x0000030b   Thumb Code     0  libshutdown2.o(.ARM.Collect$$libshutdown$$00000007)
    __rt_lib_shutdown_heap_1                 0x0000030b   Thumb Code     0  libshutdown2.o(.ARM.Collect$$libshutdown$$0000000F)
    __rt_lib_shutdown_return                 0x0000030b   Thumb Code     0  libshutdown2.o(.ARM.Collect$$libshutdown$$00000010)
    __rt_lib_shutdown_signal_1               0x0000030b   Thumb Code     0  libshutdown2.o(.ARM.Collect$$libshutdown$$0000000A)
    __rt_lib_shutdown_stdio_1                0x0000030b   Thumb Code     0  libshutdown2.o(.ARM.Collect$$libshutdown$$00000004)
    __rt_lib_shutdown_user_alloc_1           0x0000030b   Thumb Code     0  libshutdown2.o(.ARM.Collect$$libshutdown$$0000000C)
    __rt_entry                               0x0000030d   Thumb Code     0  __rtentry.o(.ARM.Collect$$rtentry$$00000000)
    __rt_entry_presh_1                       0x0000030d   Thumb Code     0  __rtentry2.o(.ARM.Collect$$rtentry$$00000002)
    __rt_entry_sh                            0x0000030d   Thumb Code     0  __rtentry4.o(.ARM.Collect$$rtentry$$00000004)
    __rt_entry_li                            0x00000313   Thumb Code     0  __rtentry2.o(.ARM.Collect$$rtentry$$0000000A)
    __rt_entry_postsh_1                      0x00000313   Thumb Code     0  __rtentry2.o(.ARM.Collect$$rtentry$$00000009)
    __rt_entry_main                          0x00000317   Thumb Code     0  __rtentry2.o(.ARM.Collect$$rtentry$$0000000D)
    __rt_entry_postli_1                      0x00000317   Thumb Code     0  __rtentry2.o(.ARM.Collect$$rtentry$$0000000C)
    __rt_exit                                0x0000031f   Thumb Code     0  rtexit.o(.ARM.Collect$$rtexit$$00000000)
    __rt_exit_ls                             0x00000321   Thumb Code     0  rtexit2.o(.ARM.Collect$$rtexit$$00000003)
    __rt_exit_prels_1                        0x00000321   Thumb Code     0  rtexit2.o(.ARM.Collect$$rtexit$$00000002)
    __rt_exit_exit                           0x00000325   Thumb Code     0  rtexit2.o(.ARM.Collect$$rtexit$$00000004)
    SysCtlDelay                              0x0000032d   Thumb Code     6  sysctl.o(.emb_text)
    CPUcpsid                                 0x00000335   Thumb Code     8  cpu.o(.emb_text)
    CPUprimask                               0x0000033d   Thumb Code     6  cpu.o(.emb_text)
    CPUcpsie                                 0x00000343   Thumb Code     8  cpu.o(.emb_text)
    CPUwfi                                   0x0000034b   Thumb Code     4  cpu.o(.emb_text)
    CPUbasepriSet                            0x0000034f   Thumb Code     6  cpu.o(.emb_text)
    CPUbasepriGet                            0x00000355   Thumb Code     6  cpu.o(.emb_text)
    Reset_Handler                            0x0000035d   Thumb Code     8  startup_tm4c123.o(.text)
    NMI_Handler                              0x00000365   Thumb Code     2  startup_tm4c123.o(.text)
    HardFault_Handler                        0x00000367   Thumb Code     2  startup_tm4c123.o(.text)
    MemManage_Handler                        0x00000369   Thumb Code     2  startup_tm4c123.o(.text)
    BusFault_Handler                         0x0000036b   Thumb Code     2  startup_tm4c123.o(.text)
    UsageFault_Handler                       0x0000036d   Thumb Code     2  startup_tm4c123.o(.text)
    DebugMon_Handler                         0x00000371   Thumb Code     2  startup_tm4c123.o(.text)
    GPIOA_Handler                            0x00000377   Thumb Code     2  startup_tm4c123.o(.text)
    GPIOB_Handler                            0x00000379   Thumb Code     2  startup_tm4c123.o(.text)
    GPIOC_Handler                            0x0000037b   Thumb Code     2  startup_tm4c123.o(.text)
    GPIOD_Handler                            0x0000037d   Thumb Code     2  startup_tm4c123.o(.text)
    GPIOE_Handler                            0x0000037f   Thumb Code     2  startup_tm4c123.o(.text)
    UART0_Handler                            0x00000381   Thumb Code     2  startup_tm4c123.o(.text)
    UART1_Handler                            0x00000383   Thumb Code     2  startup_tm4c123.o(.text)
    SSI0_Handler                             0x00000385   Thumb Code     2  startup_tm4c123.o(.text)
    I2C0_Handler                             0x00000387   Thumb Code     2  startup_tm4c123.o(.text)
    PMW0_FAULT_Handler                       0x00000389   Thumb Code     2  startup_tm4c123.o(.text)
    PWM0_0_Handler                           0x0000038b   Thumb Code     2  startup_tm4c123.o(.text)
    PWM0_1_Handler                           0x0000038d   Thumb Code     2  startup_tm4c123.o(.text)
    PWM0_2_Handler                           0x0000038f   Thumb Code     2  startup_tm4c123.o(.text)
    QEI0_Handler                             0x00000391   Thumb Code     2  startup_tm4c123.o(.text)
    ADC0SS0_Handler                          0x00000393   Thumb Code     2  startup_tm4c123.o(.text)
    ADC0SS1_Handler                          0x00000395   Thumb Code     2  startup_tm4c123.o(.text)
    ADC0SS2_Handler                          0x00000397   Thumb Code     2  startup_tm4c123.o(.text)
    ADC0SS3_Handler                          0x00000399   Thumb Code     2  startup_tm4c123.o(.text)
    WDT0_Handler                             0x0000039b   Thumb Code     2  startup_tm4c123.o(.text)
    TIMER0A_Handler                          0x0000039d   Thumb Code     2  startup_tm4c123.o(.text)
    TIMER0B_Handler                          0x0000039f   Thumb Code     2  startup_tm4c123.o(.text)
    TIMER1A_Handler                          0x000003a1   Thumb Code     2  startup_tm4c123.o(.text)
    TIMER1B_Handler                          0x000003a3   Thumb Code     2  startup_tm4c123.o(.text)
    TIMER2A_Handler                          0x000003a5   Thumb Code     2  startup_tm4c123.o(.text)
    TIMER2B_Handler                          0x000003a7   Thumb Code     2  startup_tm4c123.o(.text)
    COMP0_Handler                            0x000003a9   Thumb Code     2  startup_tm4c123.o(.text)
    COMP1_Handler                            0x000003ab   Thumb Code     2  startup_tm4c123.o(.text)
    COMP2_Handler                            0x000003ad   Thumb Code     2  startup_tm4c123.o(.text)
    SYSCTL_Handler                           0x000003af   Thumb Code     2  startup_tm4c123.o(.text)
    FLASH_Handler                            0x000003b1   Thumb Code     2  startup_tm4c123.o(.text)
    GPIOF_Handler                            0x000003b3   Thumb Code     2  startup_tm4c123.o(.text)
    GPIOG_Handler                            0x000003b5   Thumb Code     2  startup_tm4c123.o(.text)
    GPIOH_Handler                            0x000003b7   Thumb Code     2  startup_tm4c123.o(.text)
    UART2_Handler                            0x000003b9   Thumb Code     2  startup_tm4c123.o(.text)
    SSI1_Handler                             0x000003bb   Thumb Code     2  startup_tm4c123.o(.text)
    TIMER3A_Handler                          0x000003bd   Thumb Code     2  startup_tm4c123.o(.text)
    TIMER3B_Handler                          0x000003bf   Thumb Code     2  startup_tm4c123.o(.text)
    I2C1_Handler                             0x000003c1   Thumb Code     2  startup_tm4c123.o(.text)
    QEI1_Handler                             0x000003c3   Thumb Code     2  startup_tm4c123.o(.text)
    CAN0_Handler                             0x000003c5   Thumb Code     2  startup_tm4c123.o(.text)
    CAN1_Handler                             0x000003c7   Thumb Code     2  startup_tm4c123.o(.text)
    CAN2_Handler                             0x000003c9   Thumb Code     2  startup_tm4c123.o(.text)
    HIB_Handler                              0x000003cb   Thumb Code     2  startup_tm4c123.o(.text)
    USB0_Handler                             0x000003cd   Thumb Code     2  startup_tm4c123.o(.text)
    PWM0_3_Handler                           0x000003cf   Thumb Code     2  startup_tm4c123.o(.text)
    UDMA_Handler                             0x000003d1   Thumb Code     2  startup_tm4c123.o(.text)
    UDMAERR_Handler                          0x000003d3   Thumb Code     2  startup_tm4c123.o(.text)
    ADC1SS0_Handler                          0x000003d5   Thumb Code     2  startup_tm4c123.o(.text)
    ADC1SS1_Handler                          0x000003d7   Thumb Code     2  startup_tm4c123.o(.text)
    ADC1SS2_Handler                          0x000003d9   Thumb Code     2  startup_tm4c123.o(.text)
    ADC1SS3_Handler                          0x000003db   Thumb Code     2  startup_tm4c123.o(.text)
    GPIOJ_Handler                            0x000003dd   Thumb Code     2  startup_tm4c123.o(.text)
    GPIOK_Handler                            0x000003df   Thumb Code     2  startup_tm4c123.o(.text)
    GPIOL_Handler                            0x000003e1   Thumb Code     2  startup_tm4c123.o(.text)
    SSI2_Handler                             0x000003e3   Thumb Code     2  startup_tm4c123.o(.text)
    SSI3_Handler                             0x000003e5   Thumb Code     2  startup_tm4c123.o(.text)
    UART3_Handler                            0x000003e7   Thumb Code     2  startup_tm4c123.o(.text)
    UART4_Handler                            0x000003e9   Thumb Code     2  startup_tm4c123.o(.text)
    UART5_Handler                            0x000003eb   Thumb Code     2  startup_tm4c123.o(.text)
    UART6_Handler                            0x000003ed   Thumb Code     2  startup_tm4c123.o(.text)
    UART7_Handler                            0x000003ef   Thumb Code     2  startup_tm4c123.o(.text)
    I2C2_Handler                             0x000003f1   Thumb Code     2  startup_tm4c123.o(.text)
    I2C3_Handler                             0x000003f3   Thumb Code     2  startup_tm4c123.o(.text)
    TIMER4A_Handler                          0x000003f5   Thumb Code     2  startup_tm4c123.o(.text)
    TIMER4B_Handler                          0x000003f7   Thumb Code     2  startup_tm4c123.o(.text)
    TIMER5A_Handler                          0x000003f9   Thumb Code     2  startup_tm4c123.o(.text)
    TIMER5B_Handler                          0x000003fb   Thumb Code     2  startup_tm4c123.o(.text)
    WTIMER0A_Handler                         0x000003fd   Thumb Code     2  startup_tm4c123.o(.text)
    WTIMER0B_Handler                         0x000003ff   Thumb Code     2  startup_tm4c123.o(.text)
    WTIMER1A_Handler                         0x00000401   Thumb Code     2  startup_tm4c123.o(.text)
    WTIMER1B_Handler                         0x00000403   Thumb Code     2  startup_tm4c123.o(.text)
    WTIMER2A_Handler                         0x00000405   Thumb Code     2  startup_tm4c123.o(.text)
    WTIMER2B_Handler                         0x00000407   Thumb Code     2  startup_tm4c123.o(.text)
    WTIMER3A_Handler                         0x00000409   Thumb Code     2  startup_tm4c123.o(.text)
    WTIMER3B_Handler                         0x0000040b   Thumb Code     2  startup_tm4c123.o(.text)
    WTIMER4A_Handler                         0x0000040d   Thumb Code     2  startup_tm4c123.o(.text)
    WTIMER4B_Handler                         0x0000040f   Thumb Code     2  startup_tm4c123.o(.text)
    WTIMER5A_Handler                         0x00000411   Thumb Code     2  startup_tm4c123.o(.text)
    WTIMER5B_Handler                         0x00000413   Thumb Code     2  startup_tm4c123.o(.text)
    FPU_Handler                              0x00000415   Thumb Code     2  startup_tm4c123.o(.text)
    I2C4_Handler                             0x00000417   Thumb Code     2  startup_tm4c123.o(.text)
    I2C5_Handler                             0x00000419   Thumb Code     2  startup_tm4c123.o(.text)
    GPIOM_Handler                            0x0000041b   Thumb Code     2  startup_tm4c123.o(.text)
    GPION_Handler                            0x0000041d   Thumb Code     2  startup_tm4c123.o(.text)
    QEI2_Handler                             0x0000041f   Thumb Code     2  startup_tm4c123.o(.text)
    GPIOP0_Handler                           0x00000421   Thumb Code     2  startup_tm4c123.o(.text)
    GPIOP1_Handler                           0x00000423   Thumb Code     2  startup_tm4c123.o(.text)
    GPIOP2_Handler                           0x00000425   Thumb Code     2  startup_tm4c123.o(.text)
    GPIOP3_Handler                           0x00000427   Thumb Code     2  startup_tm4c123.o(.text)
    GPIOP4_Handler                           0x00000429   Thumb Code     2  startup_tm4c123.o(.text)
    GPIOP5_Handler                           0x0000042b   Thumb Code     2  startup_tm4c123.o(.text)
    GPIOP6_Handler                           0x0000042d   Thumb Code     2  startup_tm4c123.o(.text)
    GPIOP7_Handler                           0x0000042f   Thumb Code     2  startup_tm4c123.o(.text)
    GPIOQ0_Handler                           0x00000431   Thumb Code     2  startup_tm4c123.o(.text)
    GPIOQ1_Handler                           0x00000433   Thumb Code     2  startup_tm4c123.o(.text)
    GPIOQ2_Handler                           0x00000435   Thumb Code     2  startup_tm4c123.o(.text)
    GPIOQ3_Handler                           0x00000437   Thumb Code     2  startup_tm4c123.o(.text)
    GPIOQ4_Handler                           0x00000439   Thumb Code     2  startup_tm4c123.o(.text)
    GPIOQ5_Handler                           0x0000043b   Thumb Code     2  startup_tm4c123.o(.text)
    GPIOQ6_Handler                           0x0000043d   Thumb Code     2  startup_tm4c123.o(.text)
    GPIOQ7_Handler                           0x0000043f   Thumb Code     2  startup_tm4c123.o(.text)
    GPIOR_Handler                            0x00000441   Thumb Code     2  startup_tm4c123.o(.text)
    GPIOS_Handler                            0x00000443   Thumb Code     2  startup_tm4c123.o(.text)
    PMW1_0_Handler                           0x00000445   Thumb Code     2  startup_tm4c123.o(.text)
    PWM1_1_Handler                           0x00000447   Thumb Code     2  startup_tm4c123.o(.text)
    PWM1_2_Handler                           0x00000449   Thumb Code     2  startup_tm4c123.o(.text)
    PWM1_3_Handler                           0x0000044b   Thumb Code     2  startup_tm4c123.o(.text)
    PWM1_FAULT_Handler                       0x0000044d   Thumb Code     2  startup_tm4c123.o(.text)
    __user_initial_stackheap                 0x00000451   Thumb Code     0  startup_tm4c123.o(.text)
    strlen                                   0x00000471   Thumb Code    62  strlen.o(.text)
    __aeabi_memcpy                           0x000004af   Thumb Code     0  rt_memcpy_v6.o(.text)
    __rt_memcpy                              0x000004af   Thumb Code   138  rt_memcpy_v6.o(.text)
    _memcpy_lastbytes                        0x00000515   Thumb Code     0  rt_memcpy_v6.o(.text)
    __aeabi_memclr                           0x00000539   Thumb Code     0  rt_memclr.o(.text)
    __rt_memclr                              0x00000539   Thumb Code     0  rt_memclr.o(.text)
    _memset                                  0x0000053d   Thumb Code    64  rt_memclr.o(.text)
    __use_two_region_memory                  0x0000057d   Thumb Code     2  heapauxi.o(.text)
    __rt_heap_escrow$2region                 0x0000057f   Thumb Code     2  heapauxi.o(.text)
    __rt_heap_expand$2region                 0x00000581   Thumb Code     2  heapauxi.o(.text)
    __aeabi_memcpy4                          0x00000583   Thumb Code     0  rt_memcpy_w.o(.text)
    __aeabi_memcpy8                          0x00000583   Thumb Code     0  rt_memcpy_w.o(.text)
    __rt_memcpy_w                            0x00000583   Thumb Code   100  rt_memcpy_w.o(.text)
    _memcpy_lastbytes_aligned                0x000005cb   Thumb Code     0  rt_memcpy_w.o(.text)
    __aeabi_memclr4                          0x000005e7   Thumb Code     0  rt_memclr_w.o(.text)
    __aeabi_memclr8                          0x000005e7   Thumb Code     0  rt_memclr_w.o(.text)
    __rt_memclr_w                            0x000005e7   Thumb Code     0  rt_memclr_w.o(.text)
    _memset_w                                0x000005eb   Thumb Code    74  rt_memclr_w.o(.text)
    __user_setup_stackheap                   0x00000635   Thumb Code    74  sys_stackheap_outer.o(.text)
    exit                                     0x0000067f   Thumb Code    18  exit.o(.text)
    __user_libspace                          0x00000691   Thumb Code     8  libspace.o(.text)
    __user_perproc_libspace                  0x00000691   Thumb Code     0  libspace.o(.text)
    __user_perthread_libspace                0x00000691   Thumb Code     0  libspace.o(.text)
    _sys_exit                                0x00000699   Thumb Code     8  sys_exit.o(.text)
    __I$use$semihosting                      0x000006a5   Thumb Code     0  use_no_semi.o(.text)
    __use_no_semihosting_swi                 0x000006a5   Thumb Code     2  use_no_semi.o(.text)
    __semihosting_library_function           0x000006a7   Thumb Code     0  indicate_semi.o(.text)
    LCD_Clear                                0x000006a9   Thumb Code    16  lcd.o(.text.LCD_Clear)
    LCD_Command                              0x000006b9   Thumb Code   150  lcd.o(.text.LCD_Command)
    LCD_Cursor                               0x00000751   Thumb Code    56  lcd.o(.text.LCD_Cursor)
    LCD_PrintLn                              0x00000789   Thumb Code    88  lcd.o(.text.LCD_PrintLn)
    LCD_Show                                 0x000007e1   Thumb Code   152  lcd.o(.text.LCD_Show)
    LCD_init                                 0x00000879   Thumb Code   244  lcd.o(.text.LCD_init)
    PendSV_Handler                           0x00000971   Thumb Code   100  port.o(.text.PendSV_Handler)
    PortE_ISR_Handler                        0x000009d5   Thumb Code   196  main.o(.text.PortE_ISR_Handler)
    SVC_Handler                              0x00000aa1   Thumb Code    36  port.o(.text.SVC_Handler)
    SysTick_Handler                          0x00000ac5   Thumb Code    60  port.o(.text.SysTick_Handler)
    SystemInit                               0x00000b01   Thumb Code   268  system_tm4c123.o(.text.SystemInit)
    buttonTask                               0x00000c0d   Thumb Code  1212  main.o(.text.buttonTask)
    drivDownAuto                             0x000010c9   Thumb Code   368  main.o(.text.drivDownAuto)
    drivDownManu                             0x00001239   Thumb Code   448  main.o(.text.drivDownManu)
    drivUpAuto                               0x000013f9   Thumb Code   368  main.o(.text.drivUpAuto)
    drivUpManu                               0x00001569   Thumb Code   448  main.o(.text.drivUpManu)
    main                                     0x00001729   Thumb Code   354  main.o(.text.main)
    motor_backward                           0x0000188d   Thumb Code    32  motor.o(.text.motor_backward)
    motor_forward                            0x000018ad   Thumb Code    32  motor.o(.text.motor_forward)
    motor_stop                               0x000018cd   Thumb Code    16  motor.o(.text.motor_stop)
    motorinit                                0x000018dd   Thumb Code    26  motor.o(.text.motorinit)
    passDownAuto                             0x000018f9   Thumb Code  1224  main.o(.text.passDownAuto)
    passDownManu                             0x00001dc1   Thumb Code  1304  main.o(.text.passDownManu)
    passUpAuto                               0x000022d9   Thumb Code  1224  main.o(.text.passUpAuto)
    passUpManu                               0x000027a1   Thumb Code  1304  main.o(.text.passUpManu)
    portCinit                                0x00002cb9   Thumb Code    50  main.o(.text.portCinit)
    portEinit                                0x00002ced   Thumb Code   102  main.o(.text.portEinit)
    pvPortMalloc                             0x00003b19   Thumb Code   380  heap_2.o(.text.pvPortMalloc)
    pvTaskIncrementMutexHeldCount            0x00003c95   Thumb Code    44  tasks.o(.text.pvTaskIncrementMutexHeldCount)
    pxPortInitialiseStack                    0x00003cc1   Thumb Code    94  port.o(.text.pxPortInitialiseStack)
    setJamDetected                           0x00003d21   Thumb Code    56  main.o(.text.setJamDetected)
    setLowerLimit                            0x00003d59   Thumb Code    56  main.o(.text.setLowerLimit)
    setUpperLimit                            0x00003d91   Thumb Code    56  main.o(.text.setUpperLimit)
    setWindowLock                            0x00003dc9   Thumb Code    88  main.o(.text.setWindowLock)
    uxListRemove                             0x00003e21   Thumb Code    72  list.o(.text.uxListRemove)
    uxTaskGetNumberOfTasks                   0x00003e69   Thumb Code    12  tasks.o(.text.uxTaskGetNumberOfTasks)
    vListInitialise                          0x00003e75   Thumb Code    46  list.o(.text.vListInitialise)
    vListInitialiseItem                      0x00003ea5   Thumb Code    14  list.o(.text.vListInitialiseItem)
    vListInsert                              0x00003eb5   Thumb Code   106  list.o(.text.vListInsert)
    vListInsertEnd                           0x00003f21   Thumb Code    58  list.o(.text.vListInsertEnd)
    vPortEnterCritical                       0x00003f71   Thumb Code    86  port.o(.text.vPortEnterCritical)
    vPortExitCritical                        0x00003fc9   Thumb Code    74  port.o(.text.vPortExitCritical)
    vPortFree                                0x00004015   Thumb Code   218  heap_2.o(.text.vPortFree)
    vPortSetupTimerInterrupt                 0x000040f1   Thumb Code    68  port.o(.text.vPortSetupTimerInterrupt)
    vPortValidateInterruptPriority           0x00004135   Thumb Code   132  port.o(.text.vPortValidateInterruptPriority)
    vQueueWaitForMessageRestricted           0x000041b9   Thumb Code   100  queue.o(.text.vQueueWaitForMessageRestricted)
    vTaskDelay                               0x0000421d   Thumb Code   110  tasks.o(.text.vTaskDelay)
    vTaskDelete                              0x0000428d   Thumb Code   340  tasks.o(.text.vTaskDelete)
    vTaskInternalSetTimeOutState             0x000043e1   Thumb Code    36  tasks.o(.text.vTaskInternalSetTimeOutState)
    vTaskMissedYield                         0x00004405   Thumb Code    14  tasks.o(.text.vTaskMissedYield)
    vTaskPlaceOnEventList                    0x00004415   Thumb Code    66  tasks.o(.text.vTaskPlaceOnEventList)
    vTaskPlaceOnEventListRestricted          0x00004459   Thumb Code   124  tasks.o(.text.vTaskPlaceOnEventListRestricted)
    vTaskPriorityDisinheritAfterTimeout      0x000044d5   Thumb Code   386  tasks.o(.text.vTaskPriorityDisinheritAfterTimeout)
    vTaskStartScheduler                      0x00004659   Thumb Code   178  tasks.o(.text.vTaskStartScheduler)
    vTaskSuspendAll                          0x0000470d   Thumb Code    16  tasks.o(.text.vTaskSuspendAll)
    vTaskSwitchContext                       0x0000471d   Thumb Code   190  tasks.o(.text.vTaskSwitchContext)
    xPortStartScheduler                      0x000047f5   Thumb Code   380  port.o(.text.xPortStartScheduler)
    xQueueCreateMutex                        0x00004971   Thumb Code    38  queue.o(.text.xQueueCreateMutex)
    xQueueGenericCreate                      0x00004999   Thumb Code   154  queue.o(.text.xQueueGenericCreate)
    xQueueGenericReset                       0x00004a35   Thumb Code   264  queue.o(.text.xQueueGenericReset)
    xQueueGenericSend                        0x00004b3d   Thumb Code   628  queue.o(.text.xQueueGenericSend)
    xQueueGiveFromISR                        0x00004db1   Thumb Code   386  queue.o(.text.xQueueGiveFromISR)
    xQueueReceive                            0x00004f35   Thumb Code   476  queue.o(.text.xQueueReceive)
    xQueueSemaphoreTake                      0x00005111   Thumb Code   528  queue.o(.text.xQueueSemaphoreTake)
    xTaskCheckForTimeOut                     0x00005321   Thumb Code   210  tasks.o(.text.xTaskCheckForTimeOut)
    xTaskCreate                              0x000053f5   Thumb Code   160  tasks.o(.text.xTaskCreate)
    xTaskGetCurrentTaskHandle                0x00005495   Thumb Code    20  tasks.o(.text.xTaskGetCurrentTaskHandle)
    xTaskGetSchedulerState                   0x000054a9   Thumb Code    56  tasks.o(.text.xTaskGetSchedulerState)
    xTaskGetTickCount                        0x000054e1   Thumb Code    20  tasks.o(.text.xTaskGetTickCount)
    xTaskIncrementTick                       0x000054f5   Thumb Code   608  tasks.o(.text.xTaskIncrementTick)
    xTaskPriorityDisinherit                  0x00005755   Thumb Code   312  tasks.o(.text.xTaskPriorityDisinherit)
    xTaskPriorityInherit                     0x0000588d   Thumb Code   348  tasks.o(.text.xTaskPriorityInherit)
    xTaskRemoveFromEventList                 0x000059e9   Thumb Code   396  tasks.o(.text.xTaskRemoveFromEventList)
    xTaskResumeAll                           0x00005b75   Thumb Code   546  tasks.o(.text.xTaskResumeAll)
    xTimerCreateTimerTask                    0x00005d99   Thumb Code   108  timers.o(.text.xTimerCreateTimerTask)
    GPIODirModeSet                           0x00005e05   Thumb Code    40  gpio.o(i.GPIODirModeSet)
    GPIOIntClear                             0x00005e2d   Thumb Code     6  gpio.o(i.GPIOIntClear)
    GPIOIntEnable                            0x00005e33   Thumb Code    12  gpio.o(i.GPIOIntEnable)
    GPIOIntStatus                            0x00005e3f   Thumb Code    14  gpio.o(i.GPIOIntStatus)
    GPIOIntTypeSet                           0x00005e4d   Thumb Code    80  gpio.o(i.GPIOIntTypeSet)
    GPIOPadConfigSet                         0x00005e9d   Thumb Code   354  gpio.o(i.GPIOPadConfigSet)
    GPIOPinRead                              0x0000600d   Thumb Code     6  gpio.o(i.GPIOPinRead)
    GPIOPinTypeGPIOInput                     0x00006013   Thumb Code    28  gpio.o(i.GPIOPinTypeGPIOInput)
    GPIOPinTypeGPIOOutput                    0x0000602f   Thumb Code    28  gpio.o(i.GPIOPinTypeGPIOOutput)
    GPIOPinWrite                             0x0000604b   Thumb Code     6  gpio.o(i.GPIOPinWrite)
    IntEnable                                0x00006051   Thumb Code    92  interrupt.o(i.IntEnable)
    IntMasterEnable                          0x000060b5   Thumb Code    14  interrupt.o(i.IntMasterEnable)
    IntPrioritySet                           0x000060c5   Thumb Code    36  interrupt.o(i.IntPrioritySet)
    IntRegister                              0x000060ed   Thumb Code    44  interrupt.o(i.IntRegister)
    SysCtlPeripheralEnable                   0x00006121   Thumb Code    36  sysctl.o(i.SysCtlPeripheralEnable)
    _fp_init                                 0x00006149   Thumb Code    26  fpinit.o(x$fpl$fpinit)
    __fplib_config_fpu_vfp                   0x00006161   Thumb Code     0  fpinit.o(x$fpl$fpinit)
    __fplib_config_pureend_doubles           0x00006161   Thumb Code     0  fpinit.o(x$fpl$fpinit)
    uxTopUsedPriority                        0x000063d8   Data           4  tasks.o(.rodata.uxTopUsedPriority)
    Region$$Table$$Base                      0x000063dc   Number         0  anon$$obj.o(Region$$Table)
    Region$$Table$$Limit                     0x000063fc   Number         0  anon$$obj.o(Region$$Table)
    SystemCoreClock                          0x20000000   Data           4  system_tm4c123.o(.data.SystemCoreClock)
    __libspace_start                         0x20000670   Data          96  libspace.o(.bss)
    __temporary_stack_top$libspace           0x200006d0   Data           0  libspace.o(.bss)
    pxCurrentTCB                             0x200006e0   Data           4  tasks.o(.bss.pxCurrentTCB)
    xDriverDownButtonMutex                   0x200027cc   Data           4  main.o(.bss.xDriverDownButtonMutex)
    xDriverUpButtonMutex                     0x200027d0   Data           4  main.o(.bss.xDriverUpButtonMutex)
    xQueue                                   0x20002800   Data           4  main.o(.bss.xQueue)
    xTaskHandlePassed                        0x20002824   Data           4  main.o(.bss.xTaskHandlePassed)
    xdrivDownAutoHandle                      0x2000284c   Data           4  main.o(.bss.xdrivDownAutoHandle)
    xdrivDownManuHandle                      0x20002850   Data           4  main.o(.bss.xdrivDownManuHandle)
    xdrivUpAutoHandle                        0x20002854   Data           4  main.o(.bss.xdrivUpAutoHandle)
    xdrivUpManuHandle                        0x20002858   Data           4  main.o(.bss.xdrivUpManuHandle)
    xjamDetectedSemaphore                    0x2000285c   Data           4  main.o(.bss.xjamDetectedSemaphore)
    xlowerLimitReachedSemaphore              0x20002860   Data           4  main.o(.bss.xlowerLimitReachedSemaphore)
    xpassDownAutoHandle                      0x20002864   Data           4  main.o(.bss.xpassDownAutoHandle)
    xpassDownManuHandle                      0x20002868   Data           4  main.o(.bss.xpassDownManuHandle)
    xpassUpAutoHandle                        0x2000286c   Data           4  main.o(.bss.xpassUpAutoHandle)
    xpassUpManuHandle                        0x20002870   Data           4  main.o(.bss.xpassUpManuHandle)
    xupperLimitReachedSemaphore              0x20002874   Data           4  main.o(.bss.xupperLimitReachedSemaphore)
    xwindowLockSemaphore                     0x20002878   Data           4  main.o(.bss.xwindowLockSemaphore)



==============================================================================

Memory Map of the image

  Image Entry point : 0x0000035d

  Load Region LR_IROM1 (Base: 0x00000000, Size: 0x00006a70, Max: 0x00040000, ABSOLUTE, COMPRESSED[0x00006430])

    Execution Region ER_IROM1 (Exec base: 0x00000000, Load base: 0x00000000, Size: 0x000063fc, Max: 0x00040000, ABSOLUTE)

    Exec Addr    Load Addr    Size         Type   Attr      Idx    E Section Name        Object

    0x00000000   0x00000000   0x0000026c   Data   RO          116    RESET               startup_tm4c123.o
    0x0000026c   0x0000026c   0x00000008   Code   RO         1315  * !!!main             c_w.l(__main.o)
    0x00000274   0x00000274   0x00000034   Code   RO         1486    !!!scatter          c_w.l(__scatter.o)
    0x000002a8   0x000002a8   0x0000003a   Code   RO         1484    !!dczerorl          c_w.l(__dczerorl.o)
    0x000002e2   0x000002e2   0x00000002   PAD
    0x000002e4   0x000002e4   0x0000001c   Code   RO         1488    !!handler_zi        c_w.l(__scatter_zi.o)
    0x00000300   0x00000300   0x00000002   Code   RO         1346    .ARM.Collect$$libinit$$00000000  c_w.l(libinit.o)
    0x00000302   0x00000302   0x00000004   Code   RO         1352    .ARM.Collect$$libinit$$00000001  c_w.l(libinit2.o)
    0x00000306   0x00000306   0x00000000   Code   RO         1355    .ARM.Collect$$libinit$$00000004  c_w.l(libinit2.o)
    0x00000306   0x00000306   0x00000000   Code   RO         1357    .ARM.Collect$$libinit$$00000006  c_w.l(libinit2.o)
    0x00000306   0x00000306   0x00000000   Code   RO         1360    .ARM.Collect$$libinit$$0000000C  c_w.l(libinit2.o)
    0x00000306   0x00000306   0x00000000   Code   RO         1362    .ARM.Collect$$libinit$$0000000E  c_w.l(libinit2.o)
    0x00000306   0x00000306   0x00000000   Code   RO         1364    .ARM.Collect$$libinit$$00000010  c_w.l(libinit2.o)
    0x00000306   0x00000306   0x00000000   Code   RO         1367    .ARM.Collect$$libinit$$00000013  c_w.l(libinit2.o)
    0x00000306   0x00000306   0x00000000   Code   RO         1369    .ARM.Collect$$libinit$$00000015  c_w.l(libinit2.o)
    0x00000306   0x00000306   0x00000000   Code   RO         1371    .ARM.Collect$$libinit$$00000017  c_w.l(libinit2.o)
    0x00000306   0x00000306   0x00000000   Code   RO         1373    .ARM.Collect$$libinit$$00000019  c_w.l(libinit2.o)
    0x00000306   0x00000306   0x00000000   Code   RO         1375    .ARM.Collect$$libinit$$0000001B  c_w.l(libinit2.o)
    0x00000306   0x00000306   0x00000000   Code   RO         1377    .ARM.Collect$$libinit$$0000001D  c_w.l(libinit2.o)
    0x00000306   0x00000306   0x00000000   Code   RO         1379    .ARM.Collect$$libinit$$0000001F  c_w.l(libinit2.o)
    0x00000306   0x00000306   0x00000000   Code   RO         1381    .ARM.Collect$$libinit$$00000021  c_w.l(libinit2.o)
    0x00000306   0x00000306   0x00000000   Code   RO         1383    .ARM.Collect$$libinit$$00000023  c_w.l(libinit2.o)
    0x00000306   0x00000306   0x00000000   Code   RO         1385    .ARM.Collect$$libinit$$00000025  c_w.l(libinit2.o)
    0x00000306   0x00000306   0x00000000   Code   RO         1387    .ARM.Collect$$libinit$$00000027  c_w.l(libinit2.o)
    0x00000306   0x00000306   0x00000000   Code   RO         1391    .ARM.Collect$$libinit$$0000002E  c_w.l(libinit2.o)
    0x00000306   0x00000306   0x00000000   Code   RO         1393    .ARM.Collect$$libinit$$00000030  c_w.l(libinit2.o)
    0x00000306   0x00000306   0x00000000   Code   RO         1395    .ARM.Collect$$libinit$$00000032  c_w.l(libinit2.o)
    0x00000306   0x00000306   0x00000000   Code   RO         1397    .ARM.Collect$$libinit$$00000034  c_w.l(libinit2.o)
    0x00000306   0x00000306   0x00000002   Code   RO         1398    .ARM.Collect$$libinit$$00000035  c_w.l(libinit2.o)
    0x00000308   0x00000308   0x00000002   Code   RO         1420    .ARM.Collect$$libshutdown$$00000000  c_w.l(libshutdown.o)
    0x0000030a   0x0000030a   0x00000000   Code   RO         1435    .ARM.Collect$$libshutdown$$00000002  c_w.l(libshutdown2.o)
    0x0000030a   0x0000030a   0x00000000   Code   RO         1437    .ARM.Collect$$libshutdown$$00000004  c_w.l(libshutdown2.o)
    0x0000030a   0x0000030a   0x00000000   Code   RO         1440    .ARM.Collect$$libshutdown$$00000007  c_w.l(libshutdown2.o)
    0x0000030a   0x0000030a   0x00000000   Code   RO         1443    .ARM.Collect$$libshutdown$$0000000A  c_w.l(libshutdown2.o)
    0x0000030a   0x0000030a   0x00000000   Code   RO         1445    .ARM.Collect$$libshutdown$$0000000C  c_w.l(libshutdown2.o)
    0x0000030a   0x0000030a   0x00000000   Code   RO         1448    .ARM.Collect$$libshutdown$$0000000F  c_w.l(libshutdown2.o)
    0x0000030a   0x0000030a   0x00000002   Code   RO         1449    .ARM.Collect$$libshutdown$$00000010  c_w.l(libshutdown2.o)
    0x0000030c   0x0000030c   0x00000000   Code   RO         1317    .ARM.Collect$$rtentry$$00000000  c_w.l(__rtentry.o)
    0x0000030c   0x0000030c   0x00000000   Code   RO         1323    .ARM.Collect$$rtentry$$00000002  c_w.l(__rtentry2.o)
    0x0000030c   0x0000030c   0x00000006   Code   RO         1335    .ARM.Collect$$rtentry$$00000004  c_w.l(__rtentry4.o)
    0x00000312   0x00000312   0x00000000   Code   RO         1325    .ARM.Collect$$rtentry$$00000009  c_w.l(__rtentry2.o)
    0x00000312   0x00000312   0x00000004   Code   RO         1326    .ARM.Collect$$rtentry$$0000000A  c_w.l(__rtentry2.o)
    0x00000316   0x00000316   0x00000000   Code   RO         1328    .ARM.Collect$$rtentry$$0000000C  c_w.l(__rtentry2.o)
    0x00000316   0x00000316   0x00000008   Code   RO         1329    .ARM.Collect$$rtentry$$0000000D  c_w.l(__rtentry2.o)
    0x0000031e   0x0000031e   0x00000002   Code   RO         1350    .ARM.Collect$$rtexit$$00000000  c_w.l(rtexit.o)
    0x00000320   0x00000320   0x00000000   Code   RO         1400    .ARM.Collect$$rtexit$$00000002  c_w.l(rtexit2.o)
    0x00000320   0x00000320   0x00000004   Code   RO         1401    .ARM.Collect$$rtexit$$00000003  c_w.l(rtexit2.o)
    0x00000324   0x00000324   0x00000006   Code   RO         1402    .ARM.Collect$$rtexit$$00000004  c_w.l(rtexit2.o)
    0x0000032a   0x0000032a   0x00000002   PAD
    0x0000032c   0x0000032c   0x00000006   Code   RO          947    .emb_text           driverlib.lib(sysctl.o)
    0x00000332   0x00000332   0x00000002   PAD
    0x00000334   0x00000334   0x00000026   Code   RO         1295    .emb_text           driverlib.lib(cpu.o)
    0x0000035a   0x0000035a   0x00000002   PAD
    0x0000035c   0x0000035c   0x00000114   Code   RO          117  * .text               startup_tm4c123.o
    0x00000470   0x00000470   0x0000003e   Code   RO         1307    .text               c_w.l(strlen.o)
    0x000004ae   0x000004ae   0x0000008a   Code   RO         1309    .text               c_w.l(rt_memcpy_v6.o)
    0x00000538   0x00000538   0x00000044   Code   RO         1311    .text               c_w.l(rt_memclr.o)
    0x0000057c   0x0000057c   0x00000006   Code   RO         1313    .text               c_w.l(heapauxi.o)
    0x00000582   0x00000582   0x00000064   Code   RO         1318    .text               c_w.l(rt_memcpy_w.o)
    0x000005e6   0x000005e6   0x0000004e   Code   RO         1320    .text               c_w.l(rt_memclr_w.o)
    0x00000634   0x00000634   0x0000004a   Code   RO         1337    .text               c_w.l(sys_stackheap_outer.o)
    0x0000067e   0x0000067e   0x00000012   Code   RO         1339    .text               c_w.l(exit.o)
    0x00000690   0x00000690   0x00000008   Code   RO         1347    .text               c_w.l(libspace.o)
    0x00000698   0x00000698   0x0000000c   Code   RO         1410    .text               c_w.l(sys_exit.o)
    0x000006a4   0x000006a4   0x00000002   Code   RO         1425    .text               c_w.l(use_no_semi.o)
    0x000006a6   0x000006a6   0x00000000   Code   RO         1427    .text               c_w.l(indicate_semi.o)
    0x000006a6   0x000006a6   0x00000002   PAD
    0x000006a8   0x000006a8   0x00000010   Code   RO           79    .text.LCD_Clear     lcd.o
    0x000006b8   0x000006b8   0x00000096   Code   RO           77    .text.LCD_Command   lcd.o
    0x0000074e   0x0000074e   0x00000002   PAD
    0x00000750   0x00000750   0x00000038   Code   RO           83    .text.LCD_Cursor    lcd.o
    0x00000788   0x00000788   0x00000058   Code   RO           89    .text.LCD_PrintLn   lcd.o
    0x000007e0   0x000007e0   0x00000098   Code   RO           81    .text.LCD_Show      lcd.o
    0x00000878   0x00000878   0x000000f4   Code   RO           75    .text.LCD_init      lcd.o
    0x0000096c   0x0000096c   0x00000004   PAD
    0x00000970   0x00000970   0x00000064   Code   RO          176    .text.PendSV_Handler  port.o
    0x000009d4   0x000009d4   0x000000c4   Code   RO           32    .text.PortE_ISR_Handler  main.o
    0x00000a98   0x00000a98   0x00000008   PAD
    0x00000aa0   0x00000aa0   0x00000024   Code   RO          160    .text.SVC_Handler   port.o
    0x00000ac4   0x00000ac4   0x0000003c   Code   RO          178    .text.SysTick_Handler  port.o
    0x00000b00   0x00000b00   0x0000010c   Code   RO          128    .text.SystemInit    system_tm4c123.o
    0x00000c0c   0x00000c0c   0x000004bc   Code   RO           12    .text.buttonTask    main.o
    0x000010c8   0x000010c8   0x00000170   Code   RO           20    .text.drivDownAuto  main.o
    0x00001238   0x00001238   0x000001c0   Code   RO           18    .text.drivDownManu  main.o
    0x000013f8   0x000013f8   0x00000170   Code   RO           16    .text.drivUpAuto    main.o
    0x00001568   0x00001568   0x000001c0   Code   RO           14    .text.drivUpManu    main.o
    0x00001728   0x00001728   0x00000162   Code   RO            2    .text.main          main.o
    0x0000188a   0x0000188a   0x00000002   PAD
    0x0000188c   0x0000188c   0x00000020   Code   RO          104    .text.motor_backward  motor.o
    0x000018ac   0x000018ac   0x00000020   Code   RO          102    .text.motor_forward  motor.o
    0x000018cc   0x000018cc   0x00000010   Code   RO          106    .text.motor_stop    motor.o
    0x000018dc   0x000018dc   0x0000001a   Code   RO          100    .text.motorinit     motor.o
    0x000018f6   0x000018f6   0x00000002   PAD
    0x000018f8   0x000018f8   0x000004c8   Code   RO           28    .text.passDownAuto  main.o
    0x00001dc0   0x00001dc0   0x00000518   Code   RO           26    .text.passDownManu  main.o
    0x000022d8   0x000022d8   0x000004c8   Code   RO           24    .text.passUpAuto    main.o
    0x000027a0   0x000027a0   0x00000518   Code   RO           22    .text.passUpManu    main.o
    0x00002cb8   0x00002cb8   0x00000032   Code   RO           34    .text.portCinit     main.o
    0x00002cea   0x00002cea   0x00000002   PAD
    0x00002cec   0x00002cec   0x00000066   Code   RO           36    .text.portEinit     main.o
    0x00002d52   0x00002d52   0x00000002   PAD
    0x00002d54   0x00002d54   0x0000011a   Code   RO          309    .text.prvAddCurrentTaskToDelayedList  tasks.o
    0x00002e6e   0x00002e6e   0x00000002   PAD
    0x00002e70   0x00002e70   0x0000014e   Code   RO          297    .text.prvAddNewTaskToReadyList  tasks.o
    0x00002fbe   0x00002fbe   0x00000002   PAD
    0x00002fc0   0x00002fc0   0x0000006a   Code   RO          433    .text.prvCheckForValidListAndQueue  timers.o
    0x0000302a   0x0000302a   0x00000002   PAD
    0x0000302c   0x0000302c   0x0000005a   Code   RO          399    .text.prvCheckTasksWaitingTermination  tasks.o
    0x00003086   0x00003086   0x00000002   PAD
    0x00003088   0x00003088   0x00000042   Code   RO          250    .text.prvCopyDataFromQueue  queue.o
    0x000030ca   0x000030ca   0x00000002   PAD
    0x000030cc   0x000030cc   0x000000cc   Code   RO          236    .text.prvCopyDataToQueue  queue.o
    0x00003198   0x00003198   0x00000018   Code   RO          303    .text.prvDeleteTCB  tasks.o
    0x000031b0   0x000031b0   0x00000026   Code   RO          254    .text.prvGetDisinheritPriorityAfterTimeout  queue.o
    0x000031d6   0x000031d6   0x00000002   PAD
    0x000031d8   0x000031d8   0x00000040   Code   RO          463    .text.prvGetNextExpireTime  timers.o
    0x00003218   0x00003218   0x00000042   Code   RO          194    .text.prvHeapInit   heap_2.o
    0x0000325a   0x0000325a   0x00000002   PAD
    0x0000325c   0x0000325c   0x00000038   Code   RO          335    .text.prvIdleTask   tasks.o
    0x00003294   0x00003294   0x0000002c   Code   RO          224    .text.prvInitialiseMutex  queue.o
    0x000032c0   0x000032c0   0x00000044   Code   RO          220    .text.prvInitialiseNewQueue  queue.o
    0x00003304   0x00003304   0x00000116   Code   RO          295    .text.prvInitialiseNewTask  tasks.o
    0x0000341a   0x0000341a   0x00000002   PAD
    0x0000341c   0x0000341c   0x0000008e   Code   RO          397    .text.prvInitialiseTaskLists  tasks.o
    0x000034aa   0x000034aa   0x00000002   PAD
    0x000034ac   0x000034ac   0x00000086   Code   RO          477    .text.prvInsertTimerInActiveList  timers.o
    0x00003532   0x00003532   0x00000002   PAD
    0x00003534   0x00003534   0x00000028   Code   RO          252    .text.prvIsQueueEmpty  queue.o
    0x0000355c   0x0000355c   0x0000002e   Code   RO          240    .text.prvIsQueueFull  queue.o
    0x0000358a   0x0000358a   0x00000002   PAD
    0x0000358c   0x0000358c   0x000000ec   Code   RO          238    .text.prvNotifyQueueSetContainer  queue.o
    0x00003678   0x00003678   0x00000028   Code   RO          168    .text.prvPortStartFirstTask  port.o
    0x000036a0   0x000036a0   0x00000054   Code   RO          471    .text.prvProcessExpiredTimer  timers.o
    0x000036f4   0x000036f4   0x00000146   Code   RO          467    .text.prvProcessReceivedCommands  timers.o
    0x0000383a   0x0000383a   0x00000002   PAD
    0x0000383c   0x0000383c   0x0000009a   Code   RO          465    .text.prvProcessTimerOrBlockTask  timers.o
    0x000038d6   0x000038d6   0x00000002   PAD
    0x000038d8   0x000038d8   0x00000034   Code   RO          475    .text.prvReloadTimer  timers.o
    0x0000390c   0x0000390c   0x0000003c   Code   RO          301    .text.prvResetNextTaskUnblockTime  tasks.o
    0x00003948   0x00003948   0x00000044   Code   RO          469    .text.prvSampleTimeNow  timers.o
    0x0000398c   0x0000398c   0x00000052   Code   RO          473    .text.prvSwitchTimerLists  timers.o
    0x000039de   0x000039de   0x00000002   PAD
    0x000039e0   0x000039e0   0x0000004c   Code   RO          158    .text.prvTaskExitError  port.o
    0x00003a2c   0x00003a2c   0x0000001e   Code   RO          435    .text.prvTimerTask  timers.o
    0x00003a4a   0x00003a4a   0x00000002   PAD
    0x00003a4c   0x00003a4c   0x000000cc   Code   RO          242    .text.prvUnlockQueue  queue.o
    0x00003b18   0x00003b18   0x0000017c   Code   RO          192    .text.pvPortMalloc  heap_2.o
    0x00003c94   0x00003c94   0x0000002c   Code   RO          381    .text.pvTaskIncrementMutexHeldCount  tasks.o
    0x00003cc0   0x00003cc0   0x0000005e   Code   RO          156    .text.pxPortInitialiseStack  port.o
    0x00003d1e   0x00003d1e   0x00000002   PAD
    0x00003d20   0x00003d20   0x00000038   Code   RO           10    .text.setJamDetected  main.o
    0x00003d58   0x00003d58   0x00000038   Code   RO            6    .text.setLowerLimit  main.o
    0x00003d90   0x00003d90   0x00000038   Code   RO            4    .text.setUpperLimit  main.o
    0x00003dc8   0x00003dc8   0x00000058   Code   RO            8    .text.setWindowLock  main.o
    0x00003e20   0x00003e20   0x00000048   Code   RO          147    .text.uxListRemove  list.o
    0x00003e68   0x00003e68   0x0000000c   Code   RO          345    .text.uxTaskGetNumberOfTasks  tasks.o
    0x00003e74   0x00003e74   0x0000002e   Code   RO          139    .text.vListInitialise  list.o
    0x00003ea2   0x00003ea2   0x00000002   PAD
    0x00003ea4   0x00003ea4   0x0000000e   Code   RO          141    .text.vListInitialiseItem  list.o
    0x00003eb2   0x00003eb2   0x00000002   PAD
    0x00003eb4   0x00003eb4   0x0000006a   Code   RO          145    .text.vListInsert   list.o
    0x00003f1e   0x00003f1e   0x00000002   PAD
    0x00003f20   0x00003f20   0x0000003a   Code   RO          143    .text.vListInsertEnd  list.o
    0x00003f5a   0x00003f5a   0x00000002   PAD
    0x00003f5c   0x00003f5c   0x00000014   Code   RO          166    .text.vPortEnableVFP  port.o
    0x00003f70   0x00003f70   0x00000056   Code   RO          172    .text.vPortEnterCritical  port.o
    0x00003fc6   0x00003fc6   0x00000002   PAD
    0x00003fc8   0x00003fc8   0x0000004a   Code   RO          174    .text.vPortExitCritical  port.o
    0x00004012   0x00004012   0x00000002   PAD
    0x00004014   0x00004014   0x000000da   Code   RO          196    .text.vPortFree     heap_2.o
    0x000040ee   0x000040ee   0x00000002   PAD
    0x000040f0   0x000040f0   0x00000044   Code   RO          164    .text.vPortSetupTimerInterrupt  port.o
    0x00004134   0x00004134   0x00000084   Code   RO          180    .text.vPortValidateInterruptPriority  port.o
    0x000041b8   0x000041b8   0x00000064   Code   RO          274    .text.vQueueWaitForMessageRestricted  queue.o
    0x0000421c   0x0000421c   0x0000006e   Code   RO          313    .text.vTaskDelay    tasks.o
    0x0000428a   0x0000428a   0x00000002   PAD
    0x0000428c   0x0000428c   0x00000154   Code   RO          299    .text.vTaskDelete   tasks.o
    0x000043e0   0x000043e0   0x00000024   Code   RO          363    .text.vTaskInternalSetTimeOutState  tasks.o
    0x00004404   0x00004404   0x0000000e   Code   RO          367    .text.vTaskMissedYield  tasks.o
    0x00004412   0x00004412   0x00000002   PAD
    0x00004414   0x00004414   0x00000042   Code   RO          351    .text.vTaskPlaceOnEventList  tasks.o
    0x00004456   0x00004456   0x00000002   PAD
    0x00004458   0x00004458   0x0000007c   Code   RO          355    .text.vTaskPlaceOnEventListRestricted  tasks.o
    0x000044d4   0x000044d4   0x00000182   Code   RO          377    .text.vTaskPriorityDisinheritAfterTimeout  tasks.o
    0x00004656   0x00004656   0x00000002   PAD
    0x00004658   0x00004658   0x000000b2   Code   RO          333    .text.vTaskStartScheduler  tasks.o
    0x0000470a   0x0000470a   0x00000002   PAD
    0x0000470c   0x0000470c   0x00000010   Code   RO          307    .text.vTaskSuspendAll  tasks.o
    0x0000471c   0x0000471c   0x000000be   Code   RO          325    .text.vTaskSwitchContext  tasks.o
    0x000047da   0x000047da   0x00000002   PAD
    0x000047dc   0x000047dc   0x00000016   Code   RO           30    .text.vlcdWrite     main.o
    0x000047f2   0x000047f2   0x00000002   PAD
    0x000047f4   0x000047f4   0x0000017c   Code   RO          162    .text.xPortStartScheduler  port.o
    0x00004970   0x00004970   0x00000026   Code   RO          222    .text.xQueueCreateMutex  queue.o
    0x00004996   0x00004996   0x00000002   PAD
    0x00004998   0x00004998   0x0000009a   Code   RO          218    .text.xQueueGenericCreate  queue.o
    0x00004a32   0x00004a32   0x00000002   PAD
    0x00004a34   0x00004a34   0x00000108   Code   RO          216    .text.xQueueGenericReset  queue.o
    0x00004b3c   0x00004b3c   0x00000274   Code   RO          228    .text.xQueueGenericSend  queue.o
    0x00004db0   0x00004db0   0x00000182   Code   RO          246    .text.xQueueGiveFromISR  queue.o
    0x00004f32   0x00004f32   0x00000002   PAD
    0x00004f34   0x00004f34   0x000001dc   Code   RO          248    .text.xQueueReceive  queue.o
    0x00005110   0x00005110   0x00000210   Code   RO          232    .text.xQueueSemaphoreTake  queue.o
    0x00005320   0x00005320   0x000000d2   Code   RO          365    .text.xTaskCheckForTimeOut  tasks.o
    0x000053f2   0x000053f2   0x00000002   PAD
    0x000053f4   0x000053f4   0x000000a0   Code   RO          293    .text.xTaskCreate   tasks.o
    0x00005494   0x00005494   0x00000014   Code   RO          369    .text.xTaskGetCurrentTaskHandle  tasks.o
    0x000054a8   0x000054a8   0x00000038   Code   RO          371    .text.xTaskGetSchedulerState  tasks.o
    0x000054e0   0x000054e0   0x00000014   Code   RO          341    .text.xTaskGetTickCount  tasks.o
    0x000054f4   0x000054f4   0x00000260   Code   RO          339    .text.xTaskIncrementTick  tasks.o
    0x00005754   0x00005754   0x00000138   Code   RO          375    .text.xTaskPriorityDisinherit  tasks.o
    0x0000588c   0x0000588c   0x0000015c   Code   RO          373    .text.xTaskPriorityInherit  tasks.o
    0x000059e8   0x000059e8   0x0000018c   Code   RO          357    .text.xTaskRemoveFromEventList  tasks.o
    0x00005b74   0x00005b74   0x00000222   Code   RO          311    .text.xTaskResumeAll  tasks.o
    0x00005d96   0x00005d96   0x00000002   PAD
    0x00005d98   0x00005d98   0x0000006c   Code   RO          431    .text.xTimerCreateTimerTask  timers.o
    0x00005e04   0x00005e04   0x00000028   Code   RO          498    i.GPIODirModeSet    driverlib.lib(gpio.o)
    0x00005e2c   0x00005e2c   0x00000006   Code   RO          499    i.GPIOIntClear      driverlib.lib(gpio.o)
    0x00005e32   0x00005e32   0x0000000c   Code   RO          501    i.GPIOIntEnable     driverlib.lib(gpio.o)
    0x00005e3e   0x00005e3e   0x0000000e   Code   RO          504    i.GPIOIntStatus     driverlib.lib(gpio.o)
    0x00005e4c   0x00005e4c   0x00000050   Code   RO          506    i.GPIOIntTypeSet    driverlib.lib(gpio.o)
    0x00005e9c   0x00005e9c   0x00000170   Code   RO          510    i.GPIOPadConfigSet  driverlib.lib(gpio.o)
    0x0000600c   0x0000600c   0x00000006   Code   RO          512    i.GPIOPinRead       driverlib.lib(gpio.o)
    0x00006012   0x00006012   0x0000001c   Code   RO          521    i.GPIOPinTypeGPIOInput  driverlib.lib(gpio.o)
    0x0000602e   0x0000602e   0x0000001c   Code   RO          522    i.GPIOPinTypeGPIOOutput  driverlib.lib(gpio.o)
    0x0000604a   0x0000604a   0x00000006   Code   RO          540    i.GPIOPinWrite      driverlib.lib(gpio.o)
    0x00006050   0x00006050   0x00000064   Code   RO          832    i.IntEnable         driverlib.lib(interrupt.o)
    0x000060b4   0x000060b4   0x0000000e   Code   RO          835    i.IntMasterEnable   driverlib.lib(interrupt.o)
    0x000060c2   0x000060c2   0x00000002   PAD
    0x000060c4   0x000060c4   0x00000028   Code   RO          843    i.IntPrioritySet    driverlib.lib(interrupt.o)
    0x000060ec   0x000060ec   0x00000034   Code   RO          844    i.IntRegister       driverlib.lib(interrupt.o)
    0x00006120   0x00006120   0x00000028   Code   RO          981    i.SysCtlPeripheralEnable  driverlib.lib(sysctl.o)
    0x00006148   0x00006148   0x0000001a   Code   RO         1408    x$fpl$fpinit        fz_wm.l(fpinit.o)
    0x00006162   0x00006162   0x00000002   PAD
    0x00006164   0x00006164   0x0000010c   Data   RO          848    .constdata          driverlib.lib(interrupt.o)
    0x00006270   0x00006270   0x0000015b   Data   RO           45    .rodata.str1.1      main.o
    0x000063cb   0x000063cb   0x00000005   Data   RO          417    .rodata.str1.1      tasks.o
    0x000063d0   0x000063d0   0x00000008   Data   RO          480    .rodata.str1.1      timers.o
    0x000063d8   0x000063d8   0x00000004   Data   RO          402    .rodata.uxTopUsedPriority  tasks.o
    0x000063dc   0x000063dc   0x00000020   Data   RO         1483    Region$$Table       anon$$obj.o


    Execution Region RW_IRAM1 (Exec base: 0x20000000, Load base: 0x00006400, Size: 0x00002a80, Max: 0x00008000, ABSOLUTE, COMPRESSED[0x00000030])

    Exec Addr    Load Addr    Size         Type   Attr      Idx    E Section Name        Object

    0x20000000   COMPRESSED   0x00000004   Data   RW          130    .data.SystemCoreClock  system_tm4c123.o
    0x20000004   COMPRESSED   0x00000004   Data   RW           54    .data.pctextforlcd1  main.o
    0x20000008   COMPRESSED   0x00000004   Data   RW           59    .data.pctextforlcd2  main.o
    0x2000000c   COMPRESSED   0x00000004   Data   RW           60    .data.pctextforlcd3  main.o
    0x20000010   COMPRESSED   0x00000004   Data   RW           61    .data.pctextforlcd4  main.o
    0x20000014   COMPRESSED   0x00000004   Data   RW           62    .data.pctextforlcd5  main.o
    0x20000018   COMPRESSED   0x00000004   Data   RW           64    .data.pctextforlcd6  main.o
    0x2000001c   COMPRESSED   0x00000004   Data   RW           65    .data.pctextforlcd7  main.o
    0x20000020   COMPRESSED   0x00000004   Data   RW           66    .data.pctextforlcd8  main.o
    0x20000024   COMPRESSED   0x00000004   Data   RW          184    .data.uxCriticalNesting  port.o
    0x20000028   COMPRESSED   0x00000004   Data   RW          205    .data.xFreeBytesRemaining  heap_2.o
    0x2000002c   COMPRESSED   0x000003d4   PAD
    0x20000400   COMPRESSED   0x0000026c   Data   RW          849    vtable              driverlib.lib(interrupt.o)
    0x2000066c   COMPRESSED   0x00000004   PAD
    0x20000670        -       0x00000060   Zero   RW         1348    .bss                c_w.l(libspace.o)
    0x200006d0        -       0x00000004   Zero   RW           56    .bss.jamDetected    main.o
    0x200006d4        -       0x00000001   Zero   RW           58    .bss.lowerLimitReached  main.o
    0x200006d5   COMPRESSED   0x00000003   PAD
    0x200006d8        -       0x00000004   Zero   RW          484    .bss.prvSampleTimeNow.xLastTime  timers.o
    0x200006dc        -       0x00000004   Zero   RW          204    .bss.pvPortMalloc.xHeapHasBeenInitialised  heap_2.o
    0x200006e0        -       0x00000004   Zero   RW          401    .bss.pxCurrentTCB   tasks.o
    0x200006e4        -       0x00000004   Zero   RW          482    .bss.pxCurrentTimerList  timers.o
    0x200006e8        -       0x00000004   Zero   RW          412    .bss.pxDelayedTaskList  tasks.o
    0x200006ec        -       0x00000004   Zero   RW          413    .bss.pxOverflowDelayedTaskList  tasks.o
    0x200006f0        -       0x00000004   Zero   RW          483    .bss.pxOverflowTimerList  timers.o
    0x200006f4        -       0x00000064   Zero   RW          403    .bss.pxReadyTasksLists  tasks.o
    0x20000758        -       0x00002000   Zero   RW          208    .bss.ucHeap         heap_2.o
    0x20002758        -       0x00000001   Zero   RW          182    .bss.ucMaxSysCallPriority  port.o
    0x20002759   COMPRESSED   0x00000003   PAD
    0x2000275c        -       0x00000004   Zero   RW          183    .bss.ulMaxPRIGROUPValue  port.o
    0x20002760        -       0x00000001   Zero   RW           55    .bss.upperLimitReached  main.o
    0x20002761   COMPRESSED   0x00000003   PAD
    0x20002764        -       0x00000004   Zero   RW          408    .bss.uxCurrentNumberOfTasks  tasks.o
    0x20002768        -       0x00000004   Zero   RW          407    .bss.uxDeletedTasksWaitingCleanUp  tasks.o
    0x2000276c        -       0x00000004   Zero   RW          410    .bss.uxSchedulerSuspended  tasks.o
    0x20002770        -       0x00000004   Zero   RW          405    .bss.uxTaskNumber   tasks.o
    0x20002774        -       0x00000004   Zero   RW          404    .bss.uxTopReadyPriority  tasks.o
    0x20002778        -       0x00000004   Zero   RW           57    .bss.windowLock     main.o
    0x2000277c        -       0x00000014   Zero   RW          485    .bss.xActiveTimerList1  timers.o
    0x20002790        -       0x00000014   Zero   RW          486    .bss.xActiveTimerList2  timers.o
    0x200027a4        -       0x00000014   Zero   RW          422    .bss.xDelayedTaskList1  tasks.o
    0x200027b8        -       0x00000014   Zero   RW          423    .bss.xDelayedTaskList2  tasks.o
    0x200027cc        -       0x00000004   Zero   RW           39    .bss.xDriverDownButtonMutex  main.o
    0x200027d0        -       0x00000004   Zero   RW           38    .bss.xDriverUpButtonMutex  main.o
    0x200027d4        -       0x00000008   Zero   RW          207    .bss.xEnd           heap_2.o
    0x200027dc        -       0x00000004   Zero   RW          418    .bss.xIdleTaskHandle  tasks.o
    0x200027e0        -       0x00000004   Zero   RW          419    .bss.xNextTaskUnblockTime  tasks.o
    0x200027e4        -       0x00000004   Zero   RW          421    .bss.xNumOfOverflows  tasks.o
    0x200027e8        -       0x00000004   Zero   RW          420    .bss.xPendedTicks   tasks.o
    0x200027ec        -       0x00000014   Zero   RW          416    .bss.xPendingReadyList  tasks.o
    0x20002800        -       0x00000004   Zero   RW           40    .bss.xQueue         main.o
    0x20002804        -       0x00000004   Zero   RW          409    .bss.xSchedulerRunning  tasks.o
    0x20002808        -       0x00000008   Zero   RW          206    .bss.xStart         heap_2.o
    0x20002810        -       0x00000014   Zero   RW          414    .bss.xSuspendedTaskList  tasks.o
    0x20002824        -       0x00000004   Zero   RW           63    .bss.xTaskHandlePassed  main.o
    0x20002828        -       0x00000014   Zero   RW          406    .bss.xTasksWaitingTermination  tasks.o
    0x2000283c        -       0x00000004   Zero   RW          411    .bss.xTickCount     tasks.o
    0x20002840        -       0x00000004   Zero   RW          479    .bss.xTimerQueue    timers.o
    0x20002844        -       0x00000004   Zero   RW          481    .bss.xTimerTaskHandle  timers.o
    0x20002848        -       0x00000004   Zero   RW          415    .bss.xYieldPending  tasks.o
    0x2000284c        -       0x00000004   Zero   RW           49    .bss.xdrivDownAutoHandle  main.o
    0x20002850        -       0x00000004   Zero   RW           48    .bss.xdrivDownManuHandle  main.o
    0x20002854        -       0x00000004   Zero   RW           47    .bss.xdrivUpAutoHandle  main.o
    0x20002858        -       0x00000004   Zero   RW           46    .bss.xdrivUpManuHandle  main.o
    0x2000285c        -       0x00000004   Zero   RW           44    .bss.xjamDetectedSemaphore  main.o
    0x20002860        -       0x00000004   Zero   RW           42    .bss.xlowerLimitReachedSemaphore  main.o
    0x20002864        -       0x00000004   Zero   RW           53    .bss.xpassDownAutoHandle  main.o
    0x20002868        -       0x00000004   Zero   RW           52    .bss.xpassDownManuHandle  main.o
    0x2000286c        -       0x00000004   Zero   RW           51    .bss.xpassUpAutoHandle  main.o
    0x20002870        -       0x00000004   Zero   RW           50    .bss.xpassUpManuHandle  main.o
    0x20002874        -       0x00000004   Zero   RW           41    .bss.xupperLimitReachedSemaphore  main.o
    0x20002878        -       0x00000004   Zero   RW           43    .bss.xwindowLockSemaphore  main.o
    0x2000287c   COMPRESSED   0x00000004   PAD
    0x20002880        -       0x00000000   Zero   RW          115    HEAP                startup_tm4c123.o
    0x20002880        -       0x00000200   Zero   RW          114    STACK               startup_tm4c123.o


==============================================================================

Image component sizes


      Code (inc. data)   RO Data    RW Data    ZI Data      Debug   Object Name

       664          0          0          4       8212       3163   heap_2.o
       706          0          0          0          0       2361   lcd.o
       296          0          0          0          0       2370   list.o
      8880          0        347         32         74       9830   main.o
       106          0          0          0          0        666   motor.o
      1166         16          0          4          5       4012   port.o
      3520          0          0          0          0      16094   queue.o
       276         24        620          0        512       5528   startup_tm4c123.o
       268          0          0          4          0       6786   system_tm4c123.o
      5458          0          9          0        260      22251   tasks.o
      1208         10          8          0         60       8440   timers.o

    ----------------------------------------------------------------------
     22640         50       1016       1024       9136      81501   Object Totals
         0          0         32          0          0          0   (incl. Generated)
        92          0          0        980         13          0   (incl. Padding)

    ----------------------------------------------------------------------

      Code (inc. data)   RO Data    RW Data    ZI Data      Debug   Library Member Name

        58          0          0          0          0          0   __dczerorl.o
         8          0          0          0          0         68   __main.o
         0          0          0          0          0          0   __rtentry.o
        12          0          0          0          0          0   __rtentry2.o
         6          0          0          0          0          0   __rtentry4.o
        52          8          0          0          0          0   __scatter.o
        28          0          0          0          0          0   __scatter_zi.o
        18          0          0          0          0         80   exit.o
         6          0          0          0          0        152   heapauxi.o
         0          0          0          0          0          0   indicate_semi.o
         2          0          0          0          0          0   libinit.o
         6          0          0          0          0          0   libinit2.o
         2          0          0          0          0          0   libshutdown.o
         2          0          0          0          0          0   libshutdown2.o
         8          4          0          0         96         68   libspace.o
        68          0          0          0          0         68   rt_memclr.o
        78          0          0          0          0         80   rt_memclr_w.o
       138          0          0          0          0         68   rt_memcpy_v6.o
       100          0          0          0          0         80   rt_memcpy_w.o
         2          0          0          0          0          0   rtexit.o
        10          0          0          0          0          0   rtexit2.o
        62          0          0          0          0         76   strlen.o
        12          4          0          0          0         68   sys_exit.o
        74          0          0          0          0         80   sys_stackheap_outer.o
         2          0          0          0          0         68   use_no_semi.o
        38          0          0          0          0        572   cpu.o
       588         14          0          0          0      10892   gpio.o
       206         20        268        620          0       3197   interrupt.o
        46          4          0          0          0        877   sysctl.o
        26          0          0          0          0        116   fpinit.o

    ----------------------------------------------------------------------
      1672         54        268        620        100      16610   Library Totals
        14          0          0          0          4          0   (incl. Padding)

    ----------------------------------------------------------------------

      Code (inc. data)   RO Data    RW Data    ZI Data      Debug   Library Name

       754         16          0          0         96        956   c_w.l
       878         38        268        620          0      15538   driverlib.lib
        26          0          0          0          0        116   fz_wm.l

    ----------------------------------------------------------------------
      1672         54        268        620        100      16610   Library Totals

    ----------------------------------------------------------------------

==============================================================================


      Code (inc. data)   RO Data    RW Data    ZI Data      Debug   

     24312        104       1284       1644       9236      96315   Grand Totals
     24312        104       1284         48       9236      96315   ELF Image Totals (compressed)
     24312        104       1284         48          0          0   ROM Totals

==============================================================================

    Total RO  Size (Code + RO Data)                25596 (  25.00kB)
    Total RW  Size (RW Data + ZI Data)             10880 (  10.62kB)
    Total ROM Size (Code + RO Data + RW Data)      25644 (  25.04kB)

==============================================================================

